Archive member included to satisfy reference by file (symbol)

c:/program files (x86)/atmel/studio/7.0/toolchain/avr8/avr8-gnu-toolchain/bin/../lib/gcc/avr/5.4.0/../../../../avr/lib/avr6\libm.a(addsf3.o)
                              main.o (__subsf3)
c:/program files (x86)/atmel/studio/7.0/toolchain/avr8/avr8-gnu-toolchain/bin/../lib/gcc/avr/5.4.0/../../../../avr/lib/avr6\libm.a(addsf3x.o)
                              c:/program files (x86)/atmel/studio/7.0/toolchain/avr8/avr8-gnu-toolchain/bin/../lib/gcc/avr/5.4.0/../../../../avr/lib/avr6\libm.a(addsf3.o) (__addsf3x)
c:/program files (x86)/atmel/studio/7.0/toolchain/avr8/avr8-gnu-toolchain/bin/../lib/gcc/avr/5.4.0/../../../../avr/lib/avr6\libm.a(atan2.o)
                              main.o (atan2)
c:/program files (x86)/atmel/studio/7.0/toolchain/avr8/avr8-gnu-toolchain/bin/../lib/gcc/avr/5.4.0/../../../../avr/lib/avr6\libm.a(atan.o)
                              c:/program files (x86)/atmel/studio/7.0/toolchain/avr8/avr8-gnu-toolchain/bin/../lib/gcc/avr/5.4.0/../../../../avr/lib/avr6\libm.a(atan2.o) (atan)
c:/program files (x86)/atmel/studio/7.0/toolchain/avr8/avr8-gnu-toolchain/bin/../lib/gcc/avr/5.4.0/../../../../avr/lib/avr6\libm.a(cmpsf2.o)
                              MPU6050.o (__nesf2)
c:/program files (x86)/atmel/studio/7.0/toolchain/avr8/avr8-gnu-toolchain/bin/../lib/gcc/avr/5.4.0/../../../../avr/lib/avr6\libm.a(cos.o)
                              main.o (cos)
c:/program files (x86)/atmel/studio/7.0/toolchain/avr8/avr8-gnu-toolchain/bin/../lib/gcc/avr/5.4.0/../../../../avr/lib/avr6\libm.a(divsf3.o)
                              encoder.o (__divsf3)
c:/program files (x86)/atmel/studio/7.0/toolchain/avr8/avr8-gnu-toolchain/bin/../lib/gcc/avr/5.4.0/../../../../avr/lib/avr6\libm.a(divsf3x.o)
                              c:/program files (x86)/atmel/studio/7.0/toolchain/avr8/avr8-gnu-toolchain/bin/../lib/gcc/avr/5.4.0/../../../../avr/lib/avr6\libm.a(divsf3.o) (__divsf3x)
c:/program files (x86)/atmel/studio/7.0/toolchain/avr8/avr8-gnu-toolchain/bin/../lib/gcc/avr/5.4.0/../../../../avr/lib/avr6\libm.a(fixsfsi.o)
                              main.o (__fixsfsi)
c:/program files (x86)/atmel/studio/7.0/toolchain/avr8/avr8-gnu-toolchain/bin/../lib/gcc/avr/5.4.0/../../../../avr/lib/avr6\libm.a(fixunssfsi.o)
                              main.o (__fixunssfsi)
c:/program files (x86)/atmel/studio/7.0/toolchain/avr8/avr8-gnu-toolchain/bin/../lib/gcc/avr/5.4.0/../../../../avr/lib/avr6\libm.a(floatsisf.o)
                              main.o (__floatunsisf)
c:/program files (x86)/atmel/studio/7.0/toolchain/avr8/avr8-gnu-toolchain/bin/../lib/gcc/avr/5.4.0/../../../../avr/lib/avr6\libm.a(fp_cmp.o)
                              c:/program files (x86)/atmel/studio/7.0/toolchain/avr8/avr8-gnu-toolchain/bin/../lib/gcc/avr/5.4.0/../../../../avr/lib/avr6\libm.a(cmpsf2.o) (__fp_cmp)
c:/program files (x86)/atmel/studio/7.0/toolchain/avr8/avr8-gnu-toolchain/bin/../lib/gcc/avr/5.4.0/../../../../avr/lib/avr6\libm.a(fp_inf.o)
                              c:/program files (x86)/atmel/studio/7.0/toolchain/avr8/avr8-gnu-toolchain/bin/../lib/gcc/avr/5.4.0/../../../../avr/lib/avr6\libm.a(addsf3x.o) (__fp_inf)
c:/program files (x86)/atmel/studio/7.0/toolchain/avr8/avr8-gnu-toolchain/bin/../lib/gcc/avr/5.4.0/../../../../avr/lib/avr6\libm.a(fp_nan.o)
                              c:/program files (x86)/atmel/studio/7.0/toolchain/avr8/avr8-gnu-toolchain/bin/../lib/gcc/avr/5.4.0/../../../../avr/lib/avr6\libm.a(addsf3x.o) (__fp_nan)
c:/program files (x86)/atmel/studio/7.0/toolchain/avr8/avr8-gnu-toolchain/bin/../lib/gcc/avr/5.4.0/../../../../avr/lib/avr6\libm.a(fp_powser.o)
                              c:/program files (x86)/atmel/studio/7.0/toolchain/avr8/avr8-gnu-toolchain/bin/../lib/gcc/avr/5.4.0/../../../../avr/lib/avr6\libm.a(atan.o) (__fp_powser)
c:/program files (x86)/atmel/studio/7.0/toolchain/avr8/avr8-gnu-toolchain/bin/../lib/gcc/avr/5.4.0/../../../../avr/lib/avr6\libm.a(fp_pscA.o)
                              c:/program files (x86)/atmel/studio/7.0/toolchain/avr8/avr8-gnu-toolchain/bin/../lib/gcc/avr/5.4.0/../../../../avr/lib/avr6\libm.a(addsf3x.o) (__fp_pscA)
c:/program files (x86)/atmel/studio/7.0/toolchain/avr8/avr8-gnu-toolchain/bin/../lib/gcc/avr/5.4.0/../../../../avr/lib/avr6\libm.a(fp_pscB.o)
                              c:/program files (x86)/atmel/studio/7.0/toolchain/avr8/avr8-gnu-toolchain/bin/../lib/gcc/avr/5.4.0/../../../../avr/lib/avr6\libm.a(addsf3x.o) (__fp_pscB)
c:/program files (x86)/atmel/studio/7.0/toolchain/avr8/avr8-gnu-toolchain/bin/../lib/gcc/avr/5.4.0/../../../../avr/lib/avr6\libm.a(fp_rempio2.o)
                              c:/program files (x86)/atmel/studio/7.0/toolchain/avr8/avr8-gnu-toolchain/bin/../lib/gcc/avr/5.4.0/../../../../avr/lib/avr6\libm.a(cos.o) (__fp_rempio2)
c:/program files (x86)/atmel/studio/7.0/toolchain/avr8/avr8-gnu-toolchain/bin/../lib/gcc/avr/5.4.0/../../../../avr/lib/avr6\libm.a(fp_round.o)
[...]
Memory Configuration

Name             Origin             Length             Attributes
text             0x00000000         0x00100000         xr
data             0x00800200         0x0000fe00         rw !x
eeprom           0x00810000         0x00010000         rw !x
fuse             0x00820000         0x00000003         rw !x
lock             0x00830000         0x00000400         rw !x
signature        0x00840000         0x00000400         rw !x
user_signatures  0x00850000         0x00000400         rw !x
*default*        0x00000000         0xffffffff

Linker script and memory map

Address of section .data set to 0x800200
LOAD C:/Program Files (x86)/Atmel/Studio/7.0/Packs/Atmel/ATmega_DFP/1.2.203/gcc/dev/atmega2560/avr6/crtatmega2560.o
LOAD encoder.o
LOAD main.o
LOAD MPU6050.o
LOAD TWI.o
LOAD uart.o
START GROUP
LOAD c:/program files (x86)/atmel/studio/7.0/toolchain/avr8/avr8-gnu-toolchain/bin/../lib/gcc/avr/5.4.0/../../../../avr/lib/avr6\libm.a
END GROUP
LOAD c:/program files (x86)/atmel/studio/7.0/toolchain/avr8/avr8-gnu-toolchain/bin/../lib/gcc/avr/5.4.0/avr6\libgcc.a
LOAD c:/program files (x86)/atmel/studio/7.0/toolchain/avr8/avr8-gnu-toolchain/bin/../lib/gcc/avr/5.4.0/../../../../avr/lib/avr6\libm.a
START GROUP
LOAD c:/program files (x86)/atmel/studio/7.0/toolchain/avr8/avr8-gnu-toolchain/bin/../lib/gcc/avr/5.4.0/avr6\libgcc.a
LOAD c:/program files (x86)/atmel/studio/7.0/toolchain/avr8/avr8-gnu-toolchain/bin/../lib/gcc/avr/5.4.0/../../../../avr/lib/avr6\libm.a
LOAD c:/program files (x86)/atmel/studio/7.0/toolchain/avr8/avr8-gnu-toolchain/bin/../lib/gcc/avr/5.4.0/../../../../avr/lib/avr6\libc.a
LOAD C:/Program Files (x86)/Atmel/Studio/7.0/Packs/Atmel/ATmega_DFP/1.2.203/gcc/dev/atmega2560/avr6\libatmega2560.a
END GROUP
                0x00100000                __TEXT_REGION_LENGTH__ = DEFINED (__TEXT_REGION_LENGTH__)?__TEXT_REGION_LENGTH__:0x100000
                0x0000fe00                __DATA_REGION_LENGTH__ = DEFINED (__DATA_REGION_LENGTH__)?__DATA_REGION_LENGTH__:0xfe00
                0x00010000                __EEPROM_REGION_LENGTH__ = DEFINED (__EEPROM_REGION_LENGTH__)?__EEPROM_REGION_LENGTH__:0x10000
                [0x00000003]                __FUSE_REGION_LENGTH__ = DEFINED (__FUSE_REGION_LENGTH__)?__FUSE_REGION_LENGTH__:0x400
                0x00000400                __LOCK_REGION_LENGTH__ = DEFINED (__LOCK_REGION_LENGTH__)?__LOCK_REGION_LENGTH__:0x400
                0x00000400                __SIGNATURE_REGION_LENGTH__ = DEFINED (__SIGNATURE_REGION_LENGTH__)?__SIGNATURE_REGION_LENGTH__:0x400
                0x00000400                __USER_SIGNATURE_REGION_LENGTH__ = DEFINED (__USER_SIGNATURE_REGION_LENGTH__)?__USER_SIGNATURE_REGION_LENGTH__:0x400

.hash
 *(.hash)

.dynsym
 *(.dynsym)

.dynstr
 *(.dynstr)

.gnu.version
 *(.gnu.version)

.gnu.version_d
 *(.gnu.version_d)

.gnu.version_r
 *(.gnu.version_r)

.rel.init
 *(.rel.init)

.rela.init
 *(.rela.init)

.rel.text
 *(.rel.text)
 *(.rel.text.*)
 *(.rel.gnu.linkonce.t*)

.rela.text
 *(.rela.text)
 *(.rela.text.*)
 *(.rela.gnu.linkonce.t*)

.rel.fini
 *(.rel.fini)

.rela.fini
 *(.rela.fini)

.rel.rodata
 *(.rel.rodata)
 *(.rel.rodata.*)
 *(.rel.gnu.linkonce.r*)

.rela.rodata
 *(.rela.rodata)
 *(.rela.rodata.*)
 *(.rela.gnu.linkonce.r*)

.rel.data
 *(.rel.data)
 *(.rel.data.*)
 *(.rel.gnu.linkonce.d*)

.rela.data
 *(.rela.data)
 *(.rela.data.*)
 *(.rela.gnu.linkonce.d*)

.rel.ctors
 *(.rel.ctors)

.rela.ctors
 *(.rela.ctors)

.rel.dtors
 *(.rel.dtors)

.rela.dtors
 *(.rela.dtors)

.rel.got
 *(.rel.got)

.rela.got
 *(.rela.got)

.rel.bss
 *(.rel.bss)

.rela.bss
 *(.rela.bss)

.rel.plt
 *(.rel.plt)

.rela.plt
 *(.rela.plt)

.text           0x00000000     0x3da4
 *(.vectors)
 .vectors       0x00000000       0xe4 C:/Program Files (x86)/Atmel/Studio/7.0/Packs/Atmel/ATmega_DFP/1.2.203/gcc/dev/atmega2560/avr6/crtatmega2560.o
                0x00000000                __vector_default
                0x00000000                __vectors
 *(.vectors)
 *(.progmem.gcc*)
 .progmem.gcc_fplib
                0x000000e4       0x2d c:/program files (x86)/atmel/studio/7.0/toolchain/avr8/avr8-gnu-toolchain/bin/../lib/gcc/avr/5.4.0/../../../../avr/lib/avr6\libm.a(atan.o)
 .progmem.gcc_fplib
                0x00000111       0x1e c:/program files (x86)/atmel/studio/7.0/toolchain/avr8/avr8-gnu-toolchain/bin/../lib/gcc/avr/5.4.0/../../../../avr/lib/avr6\libm.a(fp_sinus.o)
                0x00000130                . = ALIGN (0x2)
 *fill*         0x0000012f        0x1 
                0x00000130                __trampolines_start = .
 *(.trampolines)
 .trampolines   0x00000130        0x0 linker stubs
 *(.trampolines*)
                0x00000130                __trampolines_end = .
 *libprintf_flt.a:*(.progmem.data)
 *libc.a:*(.progmem.data)
 *(.progmem*)
                0x00000130                . = ALIGN (0x2)
 *(.jumptables)
 *(.jumptables*)
 *(.lowtext)
 *(.lowtext*)
                0x00000130                __ctors_start = .
 *(.ctors)
 .ctors         0x00000130        0x2 main.o
                0x00000132                __ctors_end = .
                0x00000132                __dtors_start = .
 *(.dtors)
                0x00000132                __dtors_end = .
 SORT(*)(.ctors)
 SORT(*)(.dtors)
 *(.init0)
 .init0         0x00000132        0x0 C:/Program Files (x86)/Atmel/Studio/7.0/Packs/Atmel/ATmega_DFP/1.2.203/gcc/dev/atmega2560/avr6/crtatmega2560.o
                0x00000132                __init
 *(.init0)
 *(.init1)
 *(.init1)
 *(.init2)
 .init2         0x00000132       0x10 C:/Program Files (x86)/Atmel/Studio/7.0/Packs/Atmel/ATmega_DFP/1.2.203/gcc/dev/atmega2560/avr6/crtatmega2560.o
 *(.init2)
 *(.init3)
 *(.init3)
 *(.init4)
 .init4         0x00000142       0x1a c:/program files (x86)/atmel/studio/7.0/toolchain/avr8/avr8-gnu-toolchain/bin/../lib/gcc/avr/5.4.0/avr6\libgcc.a(_copy_data.o)
                0x00000142                __do_copy_data
 .init4         0x0000015c       0x10 c:/program files (x86)/atmel/studio/7.0/toolchain/avr8/avr8-gnu-toolchain/bin/../lib/gcc/avr/5.4.0/avr6\libgcc.a(_clear_bss.o)
                0x0000015c                __do_clear_bss
 *(.init4)
 *(.init5)
 *(.init5)
 *(.init6)
 .init6         0x0000016c       0x20 c:/program files (x86)/atmel/studio/7.0/toolchain/avr8/avr8-gnu-toolchain/bin/../lib/gcc/avr/5.4.0/avr6\libgcc.a(_ctors.o)
                0x0000016c                __do_global_ctors
 *(.init6)
 *(.init7)
 *(.init7)
 *(.init8)
 *(.init8)
 *(.init9)
 .init9         0x0000018c        0x8 C:/Program Files (x86)/Atmel/Studio/7.0/Packs/Atmel/ATmega_DFP/1.2.203/gcc/dev/atmega2560/avr6/crtatmega2560.o
 *(.init9)
 *(.text)
 .text          0x00000194        0x2 C:/Program Files (x86)/Atmel/Studio/7.0/Packs/Atmel/ATmega_DFP/1.2.203/gcc/dev/atmega2560/avr6/crtatmega2560.o
                0x00000194                __vector_38
                0x00000194                __vector_22
                0x00000194                __vector_28
                0x00000194                __vector_1
                0x00000194                __vector_32
                0x00000194                __vector_34
                0x00000194                __vector_24
                0x00000194                __vector_12
                0x00000194                __vector_46
                0x00000194                __bad_interrupt
                0x00000194                __vector_31
                0x00000194                __vector_35
                0x00000194                __vector_39
                0x00000194                __vector_30
                0x00000194                __vector_45
                0x00000194                __vector_13
                0x00000194                __vector_17
                0x00000194                __vector_19
                0x00000194                __vector_56
                0x00000194                __vector_7
                0x00000194                __vector_49
                0x00000194                __vector_41
                0x00000194                __vector_43
                0x00000194                __vector_27
                0x00000194                __vector_5
                0x00000194                __vector_33
                0x00000194                __vector_47
                0x00000194                __vector_4
                0x00000194                __vector_44
                0x00000194                __vector_2
                0x00000194                __vector_21
                0x00000194                __vector_29
                0x00000194                __vector_40
                0x00000194                __vector_8
                0x00000194                __vector_48
                0x00000194                __vector_14
                0x00000194                __vector_53
                0x00000194                __vector_10
                0x00000194                __vector_50
                0x00000194                __vector_16
                0x00000194                __vector_18
                0x00000194                __vector_20
                0x00000194                __vector_42
                0x00000196                . = ALIGN (0x2)
 *(.text.*)
 .text._ZN7encoder22Init_encoder_interruptEv
                0x00000196       0x16 encoder.o
                0x00000196                _ZN7encoder22Init_encoder_interruptEv
 .text._ZN7encoder10Init_timerEv
                0x000001ac       0x10 encoder.o
                0x000001ac                _ZN7encoder10Init_timerEv
 .text._ZN7encoder11getdistanceEv
                0x000001bc       0x3c encoder.o
                0x000001bc                _ZN7encoder11getdistanceEv
 .text.__vector_3
                0x000001f8       0x4e encoder.o
                0x000001f8                __vector_3
 .text.__vector_6
                0x00000246       0x4e encoder.o
                0x00000246                __vector_6
 .text.__vector_23
                0x00000294       0x2a encoder.o
                0x00000294                __vector_23
 .text._Z13init_HMC5883Lv
                0x000002be       0x48 main.o
                0x000002be                _Z13init_HMC5883Lv
 .text._Z12read_Compassv
                0x00000306       0x82 main.o
                0x00000306                _Z12read_Compassv
 .text._Z6millisv
                0x00000388       0x18 main.o
                0x00000388                _Z6millisv
 .text._Z21initialise_timeperiodv
                0x000003a0       0x1a main.o
                0x000003a0                _Z21initialise_timeperiodv
 .text.__vector_15
                0x000003ba       0xd8 main.o
                0x000003ba                __vector_15
 .text._Z8initGY88v
                0x00000492       0x2a main.o
                0x00000492                _Z8initGY88v
 .text._Z25compass_tilt_compensationfffff
                0x000004bc      0x17c main.o
                0x000004bc                _Z25compass_tilt_compensationfffff
 .text._Z10getYawGY88v
                0x00000638      0x3ac main.o
                0x00000638                _Z10getYawGY88v
 .text._Z10BrakeMotorv
                0x000009e4        0xe main.o
                0x000009e4                _Z10BrakeMotorv
 .text._Z15sendDataToSlavev
                0x000009f2       0x2c main.o
                0x000009f2                _Z15sendDataToSlavev
 .text._Z19getLineTrackerYdatav
                0x00000a1e      0x154 main.o
                0x00000a1e                _Z19getLineTrackerYdatav
 .text._Z12Stable_Robotv
                0x00000b72       0x84 main.o
                0x00000b72                _Z12Stable_Robotv
 .text._Z19calculateCompassPIDv
                0x00000bf6      0x2a6 main.o
                0x00000bf6                _Z19calculateCompassPIDv
 .text._Z12calculatevelv
                0x00000e9c      0x17c main.o
                0x00000e9c                _Z12calculatevelv
 .text._Z24calculateLineTrackerYPidv
                0x00001018      0x214 main.o
                0x00001018                _Z24calculateLineTrackerYPidv
 .text._Z13initializeAllv
                0x0000122c      0x128 main.o
                0x0000122c                _Z13initializeAllv
 .text._Z4movxiij
                0x00001354      0x2fe main.o
                0x00001354                _Z4movxiij
 .text._Z4movyiij
                0x00001652      0x316 main.o
                0x00001652                _Z4movyiij
 .text._Z15movYForwardSlowj
                0x00001968       0x20 main.o
                0x00001968                _Z15movYForwardSlowj
 .text._Z12holdpositionv
                0x00001988       0x3c main.o
                0x00001988                _Z12holdpositionv
 .text._Z14updateZoneflagv
                0x000019c4      0x130 main.o
                0x000019c4                _Z14updateZoneflagv
 .text._Z18gorockthegamefieldv
                0x00001af4      0xa24 main.o
                0x00001af4                _Z18gorockthegamefieldv
 .text.__vector_9
                0x00002518       0x76 main.o
                0x00002518                __vector_9
 .text.__vector_11
                0x0000258e       0xd6 main.o
                0x0000258e                __vector_11
 .text._Z16checkJunctionOfYv
                0x00002664       0x16 main.o
                0x00002664                _Z16checkJunctionOfYv
 .text._Z24reactConditionOfLineLeftv
                0x0000267a      0x19a main.o
                0x0000267a                _Z24reactConditionOfLineLeftv
 .text.main     0x00002814       0x98 main.o
                0x00002814                main
 .text._GLOBAL__sub_I_compassPID
                0x000028ac       0x6c main.o
 .text._ZN7MPU6050C2Ev
                0x00002918       0x9c MPU6050.o
                0x00002918                _ZN7MPU6050C2Ev
                0x00002918                _ZN7MPU6050C1Ev
 .text._ZN7MPU60504InitEv
                0x000029b4       0x68 MPU6050.o
                0x000029b4                _ZN7MPU60504InitEv
 .text._ZN7MPU605017startReadLocationEh
                0x00002a1c       0x14 MPU6050.o
                0x00002a1c                _ZN7MPU605017startReadLocationEh
 .text._ZN7MPU605012readRawAccelEv
                0x00002a30       0xc6 MPU6050.o
                0x00002a30                _ZN7MPU605012readRawAccelEv
 .text._ZN7MPU605018readNormalizeAccelEv
                0x00002af6       0xbe MPU6050.o
                0x00002af6                _ZN7MPU605018readNormalizeAccelEv
 .text._ZN7MPU605011readRawGyroEv
                0x00002bb4       0x9a MPU6050.o
                0x00002bb4                _ZN7MPU605011readRawGyroEv
 .text._ZN7MPU605012setThresholdEh
                0x00002c4e       0xcc MPU6050.o
                0x00002c4e                _ZN7MPU605012setThresholdEh
 .text._ZN7MPU605013calibrateGyroEh
                0x00002d1a      0x316 MPU6050.o
                0x00002d1a                _ZN7MPU605013calibrateGyroEh
 .text._ZN7MPU60508rateGyroEv
                0x00003030       0xb2 MPU6050.o
                0x00003030                _ZN7MPU60508rateGyroEv
 .text._ZN7MPU605012getGyroRateXEv
                0x000030e2       0x10 MPU6050.o
                0x000030e2                _ZN7MPU605012getGyroRateXEv
 .text._ZN7MPU605012getGyroRateYEv
                0x000030f2       0x10 MPU6050.o
                0x000030f2                _ZN7MPU605012getGyroRateYEv
 .text._ZN7MPU605012getGyroRateZEv
                0x00003102       0x10 MPU6050.o
                0x00003102                _ZN7MPU605012getGyroRateZEv
 .text._Z8i2c_initv
                0x00003112        0xc TWI.o
                0x00003112                _Z8i2c_initv
 .text._Z9i2c_starth
                0x0000311e       0x4e TWI.o
                0x0000311e                _Z9i2c_starth
 .text._Z13i2c_rep_starth
                0x0000316c        0x4 TWI.o
                0x0000316c                _Z13i2c_rep_starth
 .text._Z8i2c_stopv
                0x00003170       0x12 TWI.o
                0x00003170                _Z8i2c_stopv
 .text._Z14i2c_start_waith
                0x00003182       0x76 TWI.o
                0x00003182                _Z14i2c_start_waith
 .text._Z9i2c_writeh
                0x000031f8       0x24 TWI.o
                0x000031f8                _Z9i2c_writeh
 .text._Z11i2c_readAckv
                0x0000321c       0x16 TWI.o
                0x0000321c                _Z11i2c_readAckv
 .text._Z11i2c_readNakv
                0x00003232       0x16 TWI.o
                0x00003232                _Z11i2c_readNakv
 .text.__vector_25
                0x00003248       0x5e uart.o
                0x00003248                __vector_25
 .text.__vector_26
                0x000032a6       0x5c uart.o
                0x000032a6                __vector_26
 .text._Z10uart0_initj
                0x00003302       0x32 uart.o
                0x00003302                _Z10uart0_initj
 .text._Z10uart0_putch
                0x00003334       0x2a uart.o
                0x00003334                _Z10uart0_putch
 .text._Z10uart0_putsPKc
                0x0000335e       0x1c uart.o
                0x0000335e                _Z10uart0_putsPKc
 .text.__vector_36
                0x0000337a       0x5e uart.o
                0x0000337a                __vector_36
 .text.__vector_37
                0x000033d8       0x5c uart.o
                0x000033d8                __vector_37
 .text.__vector_51
                0x00003434       0x5e uart.o
                0x00003434                __vector_51
 .text.__vector_52
                0x00003492       0x5c uart.o
                0x00003492                __vector_52
 .text._Z10uart2_initj
                0x000034ee       0x32 uart.o
                0x000034ee                _Z10uart2_initj
 .text._Z10uart2_putch
                0x00003520       0x2a uart.o
                0x00003520                _Z10uart2_putch
 .text.__vector_54
                0x0000354a       0x5e uart.o
                0x0000354a                __vector_54
 .text.__vector_55
                0x000035a8       0x5c uart.o
                0x000035a8                __vector_55
 .text._Z10uart3_initj
                0x00003604       0x32 uart.o
                0x00003604                _Z10uart3_initj
 .text._Z10uart3_getcv
                0x00003636       0x36 uart.o
                0x00003636                _Z10uart3_getcv
 .text._Z10uart3_putch
                0x0000366c       0x2a uart.o
                0x0000366c                _Z10uart3_putch
 .text.avr-libc.fplib
                0x00003696        0xa c:/program files (x86)/atmel/studio/7.0/toolchain/avr8/avr8-gnu-toolchain/bin/../lib/gcc/avr/5.4.0/../../../../avr/lib/avr6\libm.a(addsf3.o)
                0x00003696                __subsf3
                0x00003698                __addsf3
 .text.avr-libc.fplib
                0x000036a0       0xc0 c:/program files (x86)/atmel/studio/7.0/toolchain/avr8/avr8-gnu-toolchain/bin/../lib/gcc/avr/5.4.0/../../../../avr/lib/avr6\libm.a(addsf3x.o)
                0x000036ba                __addsf3x
 .text.avr-libc.fplib
                0x00003760       0x74 c:/program files (x86)/atmel/studio/7.0/toolchain/avr8/avr8-gnu-toolchain/bin/../lib/gcc/avr/5.4.0/../../../../avr/lib/avr6\libm.a(atan2.o)
                0x0000377e                atan2
 .text.avr-libc.fplib
                0x000037d4       0x50 c:/program files (x86)/atmel/studio/7.0/toolchain/avr8/avr8-gnu-toolchain/bin/../lib/gcc/avr/5.4.0/../../../../avr/lib/avr6\libm.a(atan.o)
                0x000037d4                atan
 .text.avr-libc.fplib
                0x00003824        0x8 c:/program files (x86)/atmel/studio/7.0/toolchain/avr8/avr8-gnu-toolchain/bin/../lib/gcc/avr/5.4.0/../../../../avr/lib/avr6\libm.a(cmpsf2.o)
                0x00003824                __nesf2
                0x00003824                __eqsf2
                0x00003824                __cmpsf2
                0x00003824                __ltsf2
                0x00003824                __lesf2
 .text.avr-libc.fplib
                0x0000382c        0x6 c:/program files (x86)/atmel/studio/7.0/toolchain/avr8/avr8-gnu-toolchain/bin/../lib/gcc/avr/5.4.0/../../../../avr/lib/avr6\libm.a(cos.o)
                0x0000382c                cos
 .text.avr-libc.fplib
                0x00003832        0x4 c:/program files (x86)/atmel/studio/7.0/toolchain/avr8/avr8-gnu-toolchain/bin/../lib/gcc/avr/5.4.0/../../../../avr/lib/avr6\libm.a(divsf3.o)
                0x00003832                __divsf3
 .text.avr-libc.fplib
                0x00003836       0xcc c:/program files (x86)/atmel/studio/7.0/toolchain/avr8/avr8-gnu-toolchain/bin/../lib/gcc/avr/5.4.0/../../../../avr/lib/avr6\libm.a(divsf3x.o)
                0x0000384c                __divsf3x
                0x00003850                __divsf3_pse
 .text.avr-libc.fplib
                0x00003902        0xa c:/program files (x86)/atmel/studio/7.0/toolchain/avr8/avr8-gnu-toolchain/bin/../lib/gcc/avr/5.4.0/../../../../avr/lib/avr6\libm.a(fixsfsi.o)
                0x00003902                __fixsfsi
 .text.avr-libc.fplib
                0x0000390c       0x58 c:/program files (x86)/atmel/studio/7.0/toolchain/avr8/avr8-gnu-toolchain/bin/../lib/gcc/avr/5.4.0/../../../../avr/lib/avr6\libm.a(fixunssfsi.o)
                0x0000390c                __fixunssfsi
 .text.avr-libc.fplib
                0x00003964       0x7a c:/program files (x86)/atmel/studio/7.0/toolchain/avr8/avr8-gnu-toolchain/bin/../lib/gcc/avr/5.4.0/../../../../avr/lib/avr6\libm.a(floatsisf.o)
                0x00003964                __floatunsisf
                0x00003968                __floatsisf
 .text.avr-libc.fplib
                0x000039de       0x48 c:/program files (x86)/atmel/studio/7.0/toolchain/avr8/avr8-gnu-toolchain/bin/../lib/gcc/avr/5.4.0/../../../../avr/lib/avr6\libm.a(fp_cmp.o)
                0x000039de                __fp_cmp
 .text.avr-libc.fplib
                0x00003a26        0xc c:/program files (x86)/atmel/studio/7.0/toolchain/avr8/avr8-gnu-toolchain/bin/../lib/gcc/avr/5.4.0/../../../../avr/lib/avr6\libm.a(fp_inf.o)
                0x00003a26                __fp_inf
 .text.avr-libc.fplib
                0x00003a32        0x6 c:/program files (x86)/atmel/studio/7.0/toolchain/avr8/avr8-gnu-toolchain/bin/../lib/gcc/avr/5.4.0/../../../../avr/lib/avr6\libm.a(fp_nan.o)
                0x00003a32                __fp_nan
 .text.avr-libc.fplib
                0x00003a38       0x4a c:/program files (x86)/atmel/studio/7.0/toolchain/avr8/avr8-gnu-toolchain/bin/../lib/gcc/avr/5.4.0/../../../../avr/lib/avr6\libm.a(fp_powser.o)
                0x00003a38                __fp_powser
 .text.avr-libc.fplib
                0x00003a82        0xe c:/program files (x86)/atmel/studio/7.0/toolchain/avr8/avr8-gnu-toolchain/bin/../lib/gcc/avr/5.4.0/../../../../avr/lib/avr6\libm.a(fp_pscA.o)
                0x00003a82                __fp_pscA
 .text.avr-libc.fplib
                0x00003a90        0xe c:/program files (x86)/atmel/studio/7.0/toolchain/avr8/avr8-gnu-toolchain/bin/../lib/gcc/avr/5.4.0/../../../../avr/lib/avr6\libm.a(fp_pscB.o)
                0x00003a90                __fp_pscB
 .text.avr-libc.fplib
                0x00003a9e       0x50 c:/program files (x86)/atmel/studio/7.0/toolchain/avr8/avr8-gnu-toolchain/bin/../lib/gcc/avr/5.4.0/../../../../avr/lib/avr6\libm.a(fp_rempio2.o)
                0x00003aa0                __fp_rempio2
 .text.avr-libc.fplib
                0x00003aee       0x22 c:/program files (x86)/atmel/studio/7.0/toolchain/avr8/avr8-gnu-toolchain/bin/../lib/gcc/avr/5.4.0/../../../../avr/lib/avr6\libm.a(fp_round.o)
                0x00003aee                __fp_round
 .text.avr-libc.fplib
                0x00003b10       0x22 c:/program files (x86)/atmel/studio/7.0/toolchain/avr8/avr8-gnu-toolchain/bin/../lib/gcc/avr/5.4.0/../../../../avr/lib/avr6\libm.a(fp_sinus.o)
                0x00003b10                __fp_sinus
 .text.avr-libc.fplib
                0x00003b32       0x44 c:/program files (x86)/atmel/studio/7.0/toolchain/avr8/avr8-gnu-toolchain/bin/../lib/gcc/avr/5.4.0/../../../../avr/lib/avr6\libm.a(fp_split3.o)
                0x00003b32                __fp_split3
                0x00003b42                __fp_splitA
 .text.avr-libc.fplib
                0x00003b76        0xe c:/program files (x86)/atmel/studio/7.0/toolchain/avr8/avr8-gnu-toolchain/bin/../lib/gcc/avr/5.4.0/../../../../avr/lib/avr6\libm.a(fp_zero.o)
                0x00003b76                __fp_zero
                0x00003b78                __fp_szero
 .text.avr-libc.fplib
                0x00003b84        0x8 c:/program files (x86)/atmel/studio/7.0/toolchain/avr8/avr8-gnu-toolchain/bin/../lib/gcc/avr/5.4.0/../../../../avr/lib/avr6\libm.a(gesf2.o)
                0x00003b84                __gesf2
                0x00003b84                __gtsf2
 .text.avr-libc.fplib
                0x00003b8c        0xe c:/program files (x86)/atmel/studio/7.0/toolchain/avr8/avr8-gnu-toolchain/bin/../lib/gcc/avr/5.4.0/../../../../avr/lib/avr6\libm.a(inverse.o)
                0x00003b8c                inverse
 .text.avr-libc.fplib
                0x00003b9a        0x4 c:/program files (x86)/atmel/studio/7.0/toolchain/avr8/avr8-gnu-toolchain/bin/../lib/gcc/avr/5.4.0/../../../../avr/lib/avr6\libm.a(mulsf3.o)
                0x00003b9a                __mulsf3
 .text.avr-libc.fplib
                0x00003b9e       0xc2 c:/program files (x86)/atmel/studio/7.0/toolchain/avr8/avr8-gnu-toolchain/bin/../lib/gcc/avr/5.4.0/../../../../avr/lib/avr6\libm.a(mulsf3x.o)
                0x00003bb2                __mulsf3x
                0x00003bb6                __mulsf3_pse
 .text.avr-libc.fplib
                0x00003c60        0xc c:/program files (x86)/atmel/studio/7.0/toolchain/avr8/avr8-gnu-toolchain/bin/../lib/gcc/avr/5.4.0/../../../../avr/lib/avr6\libm.a(sin.o)
                0x00003c60                sin
 .text.avr-libc.fplib
                0x00003c6c       0x84 c:/program files (x86)/atmel/studio/7.0/toolchain/avr8/avr8-gnu-toolchain/bin/../lib/gcc/avr/5.4.0/../../../../avr/lib/avr6\libm.a(sqrt.o)
                0x00003c74                sqrtf
                0x00003c74                sqrt
 .text.avr-libc.fplib
                0x00003cf0        0x6 c:/program files (x86)/atmel/studio/7.0/toolchain/avr8/avr8-gnu-toolchain/bin/../lib/gcc/avr/5.4.0/../../../../avr/lib/avr6\libm.a(square.o)
                0x00003cf0                square
 .text.avr-libc.fplib
                0x00003cf6       0x1c c:/program files (x86)/atmel/studio/7.0/toolchain/avr8/avr8-gnu-toolchain/bin/../lib/gcc/avr/5.4.0/../../../../avr/lib/avr6\libm.a(fp_mpack.o)
                0x00003cf6                __fp_mpack
                0x00003cfa                __fp_mpack_finite
 .text.avr-libc.fplib
                0x00003d12        0xe c:/program files (x86)/atmel/studio/7.0/toolchain/avr8/avr8-gnu-toolchain/bin/../lib/gcc/avr/5.4.0/../../../../avr/lib/avr6\libm.a(fp_norm2.o)
                0x00003d12                __fp_norm2
 .text.avr-libc.fplib
                0x00003d20       0x22 c:/program files (x86)/atmel/studio/7.0/toolchain/avr8/avr8-gnu-toolchain/bin/../lib/gcc/avr/5.4.0/../../../../avr/lib/avr6\libm.a(fp_powsodd.o)
                0x00003d20                __fp_powsodd
 .text.libgcc.div
                0x00003d42       0x26 c:/program files (x86)/atmel/studio/7.0/toolchain/avr8/avr8-gnu-toolchain/bin/../lib/gcc/avr/5.4.0/avr6\libgcc.a(_divmodhi4.o)
                0x00003d42                _div
                0x00003d42                __divmodhi4
 .text.libgcc.div
                0x00003d68       0x28 c:/program files (x86)/atmel/studio/7.0/toolchain/avr8/avr8-gnu-toolchain/bin/../lib/gcc/avr/5.4.0/avr6\libgcc.a(_udivmodhi4.o)
                0x00003d68                __udivmodhi4
 .text.libgcc   0x00003d90       0x10 c:/program files (x86)/atmel/studio/7.0/toolchain/avr8/avr8-gnu-toolchain/bin/../lib/gcc/avr/5.4.0/avr6\libgcc.a(_tablejump2.o)
                0x00003d90                __tablejump2__
                0x00003da0                . = ALIGN (0x2)
 *(.fini9)
 .fini9         0x00003da0        0x0 c:/program files (x86)/atmel/studio/7.0/toolchain/avr8/avr8-gnu-toolchain/bin/../lib/gcc/avr/5.4.0/avr6\libgcc.a(_exit.o)
                0x00003da0                _exit
                0x00003da0                exit
 *(.fini9)
 *(.fini8)
 *(.fini8)
 *(.fini7)
 *(.fini7)
 *(.fini6)
 *(.fini6)
 *(.fini5)
 *(.fini5)
 *(.fini4)
 *(.fini4)
 *(.fini3)
 *(.fini3)
 *(.fini2)
 *(.fini2)
 *(.fini1)
 *(.fini1)
 *(.fini0)
 .fini0         0x00003da0        0x4 c:/program files (x86)/atmel/studio/7.0/toolchain/avr8/avr8-gnu-toolchain/bin/../lib/gcc/avr/5.4.0/avr6\libgcc.a(_exit.o)
 *(.fini0)
                0x00003da4                _etext = .

.data           0x00800200       0x9a load address 0x00003da4
                0x00800200                PROVIDE (__data_start, .)
 *(.data)
 *(.data*)
 .data.PidUpdateFlagDriveY
                0x00800200        0x1 encoder.o
                0x00800200                PidUpdateFlagDriveY
 .data.PidUpdateFlagDriveX
                0x00800201        0x1 encoder.o
                0x00800201                PidUpdateFlagDriveX
 .data.PidUpdateFlagCompass
                0x00800202        0x1 encoder.o
                0x00800202                PidUpdateFlagCompass
 .data.PidUpdateFlagLinetracker
                0x00800203        0x1 encoder.o
                0x00800203                PidUpdateFlagLinetracker
 .data.robotState
                0x00800204        0x2 main.o
                0x00800204                robotState
 .data.ManualInFrontOfLZ2
                0x00800206        0x1 main.o
                0x00800206                ManualInFrontOfLZ2
 .data.lineMeet
                0x00800207        0x1 main.o
                0x00800207                lineMeet
 .data.coupling_matrix
                0x00800208       0x30 main.o
                0x00800208                coupling_matrix
 .data.readFirstData
                0x00800238        0x1 main.o
                0x00800238                readFirstData
 .data.FlagInitialAngleSetpoint
                0x00800239        0x1 main.o
                0x00800239                FlagInitialAngleSetpoint
 .data.linetrackerPID
                0x0080023a        0x1 main.o
                0x0080023a                linetrackerPID
 .data.compassPID
                0x0080023b        0x1 main.o
                0x0080023b                compassPID
 *(.gnu.linkonce.d*)
 *(.rodata)
 *(.rodata*)
 .rodata.str1.1
                0x0080023c       0x4e main.o
 .rodata._ZL6weight
                0x0080028a       0x10 main.o
 *(.gnu.linkonce.r*)
                0x0080029a                . = ALIGN (0x2)
                0x0080029a                _edata = .
                0x0080029a                PROVIDE (__data_end, .)

.bss            0x0080029a      0x2d5
                0x0080029a                PROVIDE (__bss_start, .)
 *(.bss)
 *(.bss*)
 .bss.junctionY
                0x0080029a        0x1 main.o
                0x0080029a                junctionY
 .bss.encoderY  0x0080029b        0x8 main.o
                0x0080029b                encoderY
 .bss.encoderX  0x008002a3        0x8 main.o
                0x008002a3                encoderX
 .bss.receiveAck
                0x008002ab        0x1 main.o
                0x008002ab                receiveAck
 .bss.task9     0x008002ac        0x1 main.o
                0x008002ac                task9
 .bss.task8     0x008002ad        0x1 main.o
                0x008002ad                task8
 .bss.task7     0x008002ae        0x1 main.o
                0x008002ae                task7
 .bss.task6     0x008002af        0x1 main.o
                0x008002af                task6
 .bss.task5     0x008002b0        0x1 main.o
                0x008002b0                task5
 .bss.task4     0x008002b1        0x1 main.o
                0x008002b1                task4
 .bss.task3     0x008002b2        0x1 main.o
                0x008002b2                task3
 .bss.task2     0x008002b3        0x1 main.o
                0x008002b3                task2
 .bss.task1     0x008002b4        0x1 main.o
                0x008002b4                task1
 .bss.where     0x008002b5        0x2 main.o
                0x008002b5                where
 .bss.gotoLZ2   0x008002b7        0x1 main.o
                0x008002b7                gotoLZ2
 .bss.backtoLZ2
                0x008002b8        0x1 main.o
                0x008002b8                backtoLZ2
 .bss.backtoLZ1
                0x008002b9        0x1 main.o
                0x008002b9                backtoLZ1
 .bss.GoThrowingZone3
                0x008002ba        0x1 main.o
                0x008002ba                GoThrowingZone3
 .bss.GoThrowingZone2
                0x008002bb        0x1 main.o
                0x008002bb                GoThrowingZone2
 .bss.GoThrowingZone1
                0x008002bc        0x1 main.o
                0x008002bc                GoThrowingZone1
 .bss._b_Transmit_once
                0x008002bd        0x1 main.o
                0x008002bd                _b_Transmit_once
 .bss.ShuttleCockArmGone
                0x008002be        0x1 main.o
                0x008002be                ShuttleCockArmGone
 .bss.GoldenRackGiven
                0x008002bf        0x1 main.o
                0x008002bf                GoldenRackGiven
 .bss.ShuttleCockGiven
                0x008002c0        0x1 main.o
                0x008002c0                ShuttleCockGiven
 .bss.millis_time_then
                0x008002c1        0x4 main.o
                0x008002c1                millis_time_then
 .bss.stable_data_count
                0x008002c5        0x2 main.o
                0x008002c5                stable_data_count
 .bss.driveY    0x008002c7       0x21 main.o
                0x008002c7                driveY
 .bss.driveX    0x008002e8       0x21 main.o
                0x008002e8                driveX
 .bss.compass   0x00800309       0x21 main.o
                0x00800309                compass
 .bss.ltY       0x0080032a       0x21 main.o
                0x0080032a                ltY
 .bss.ltX       0x0080034b       0x21 main.o
                0x0080034b                ltX
 .bss.previousLinetrackerData
                0x0080036c        0x2 main.o
                0x0080036c                previousLinetrackerData
 .bss.lineTrackerData
                0x0080036e        0x2 main.o
                0x0080036e                lineTrackerData
 .bss._ZL7lineBit
                0x00800370       0x10 main.o
 .bss._ZL9totalLine
                0x00800380        0x4 main.o
 .bss._ZL8totalSum
                0x00800384        0x4 main.o
 .bss._ZL16linetracker_data
                0x00800388        0x2 main.o
 .bss._ZL9linestate
                0x0080038a        0x1 main.o
 .bss.movingyback
                0x0080038b        0x1 main.o
                0x0080038b                movingyback
 .bss.movingyfront
                0x0080038c        0x1 main.o
                0x0080038c                movingyfront
 .bss.movingxback
                0x0080038d        0x1 main.o
                0x0080038d                movingxback
 .bss.movingxfront
                0x0080038e        0x1 main.o
                0x0080038e                movingxfront
 .bss.initialCompassAngle
                0x0080038f        0x2 main.o
                0x0080038f                initialCompassAngle
 .bss.distanceY
                0x00800391        0x2 main.o
                0x00800391                distanceY
 .bss.distanceX
                0x00800393        0x2 main.o
                0x00800393                distanceX
 .bss.velocity_robot
                0x00800395        0x6 main.o
                0x00800395                velocity_robot
 .bss.velocity_motor
                0x0080039b        0x8 main.o
                0x0080039b                velocity_motor
 .bss.bufferMotorSpeed
                0x008003a3        0x4 main.o
                0x008003a3                bufferMotorSpeed
 .bss.startTime
                0x008003a7        0x4 main.o
                0x008003a7                startTime
 .bss.normAccel
                0x008003ab        0xc main.o
                0x008003ab                normAccel
 .bss.previousTime
                0x008003b7        0x4 main.o
                0x008003b7                previousTime
 .bss._ZL12filtered_yaw
                0x008003bb        0x4 main.o
 .bss._ZL14filtered_pitch
                0x008003bf        0x4 main.o
 .bss._ZL13filtered_roll
                0x008003c3        0x4 main.o
 .bss._ZL14unfiltered_yaw
                0x008003c7        0x4 main.o
 .bss._ZL16unfiltered_pitch
                0x008003cb        0x4 main.o
 .bss._ZL15unfiltered_roll
                0x008003cf        0x4 main.o
 .bss._ZL3mpu   0x008003d3       0x79 main.o
 .bss.timer2_fract
                0x0080044c        0x4 main.o
                0x0080044c                timer2_fract
 .bss.timer2_millis
                0x00800450        0x4 main.o
                0x00800450                timer2_millis
 .bss.raw_z     0x00800454        0x2 main.o
                0x00800454                raw_z
 .bss.raw_y     0x00800456        0x2 main.o
                0x00800456                raw_y
 .bss.raw_x     0x00800458        0x2 main.o
                0x00800458                raw_x
 .bss.FlagChangeSetpointCompass
                0x0080045a        0x1 main.o
                0x0080045a                FlagChangeSetpointCompass
 .bss._ZL17UART3_LastRxError
                0x0080045b        0x1 uart.o
 .bss._ZL12UART3_RxTail
                0x0080045c        0x1 uart.o
 .bss._ZL12UART3_RxHead
                0x0080045d        0x1 uart.o
 .bss._ZL12UART3_TxTail
                0x0080045e        0x1 uart.o
 .bss._ZL12UART3_TxHead
                0x0080045f        0x1 uart.o
 .bss._ZL11UART3_RxBuf
                0x00800460       0x20 uart.o
 .bss._ZL11UART3_TxBuf
                0x00800480       0x20 uart.o
 .bss._ZL17UART2_LastRxError
                0x008004a0        0x1 uart.o
 .bss._ZL12UART2_RxTail
                0x008004a1        0x1 uart.o
 .bss._ZL12UART2_RxHead
                0x008004a2        0x1 uart.o
 .bss._ZL12UART2_TxTail
                0x008004a3        0x1 uart.o
 .bss._ZL12UART2_TxHead
                0x008004a4        0x1 uart.o
 .bss._ZL11UART2_RxBuf
                0x008004a5       0x20 uart.o
 .bss._ZL11UART2_TxBuf
                0x008004c5       0x20 uart.o
 .bss._ZL17UART1_LastRxError
                0x008004e5        0x1 uart.o
 .bss._ZL12UART1_RxTail
                0x008004e6        0x1 uart.o
 .bss._ZL12UART1_RxHead
                0x008004e7        0x1 uart.o
 .bss._ZL12UART1_TxTail
                0x008004e8        0x1 uart.o
 .bss._ZL12UART1_TxHead
                0x008004e9        0x1 uart.o
 .bss._ZL11UART1_RxBuf
                0x008004ea       0x20 uart.o
 .bss._ZL11UART1_TxBuf
                0x0080050a       0x20 uart.o
 .bss._ZL17UART0_LastRxError
                0x0080052a        0x1 uart.o
 .bss._ZL12UART0_RxTail
                0x0080052b        0x1 uart.o
 .bss._ZL12UART0_RxHead
                0x0080052c        0x1 uart.o
 .bss._ZL12UART0_TxTail
                0x0080052d        0x1 uart.o
 .bss._ZL12UART0_TxHead
                0x0080052e        0x1 uart.o
 .bss._ZL11UART0_RxBuf
                0x0080052f       0x20 uart.o
 .bss._ZL11UART0_TxBuf
                0x0080054f       0x20 uart.o
 *(COMMON)
                0x0080056f                PROVIDE (__bss_end, .)
                0x00003da4                __data_load_start = LOADADDR (.data)
                0x00003e3e                __data_load_end = (__data_load_start + SIZEOF (.data))

.noinit         0x0080056f        0x0
                [!provide]                PROVIDE (__noinit_start, .)
 *(.noinit*)
                [!provide]                PROVIDE (__noinit_end, .)
                0x0080056f                _end = .
                [!provide]                PROVIDE (__heap_start, .)

.eeprom         0x00810000        0x0
 *(.eeprom*)
                0x00810000                __eeprom_end = .

.fuse
 *(.fuse)
 *(.lfuse)
 *(.hfuse)
 *(.efuse)

.lock
 *(.lock*)

.signature
 *(.signature*)

.user_signatures
 *(.user_signatures*)

.stab
 *(.stab)

.stabstr
 *(.stabstr)

.stab.excl
 *(.stab.excl)

.stab.exclstr
 *(.stab.exclstr)

.stab.index
 *(.stab.index)

.stab.indexstr
 *(.stab.indexstr)

.comment        0x00000000       0x30
 *(.comment)
 .comment       0x00000000       0x30 encoder.o
                                 0x31 (size before relaxing)
 .comment       0x00000030       0x31 main.o
 .comment       0x00000030       0x31 MPU6050.o
 .comment       0x00000030       0x31 TWI.o
 .comment       0x00000030       0x31 uart.o

.note.gnu.avr.deviceinfo
                0x00000000       0x40
 .note.gnu.avr.deviceinfo
                0x00000000       0x40 C:/Program Files (x86)/Atmel/Studio/7.0/Packs/Atmel/ATmega_DFP/1.2.203/gcc/dev/atmega2560/avr6/crtatmega2560.o

.note.gnu.build-id
 *(.note.gnu.build-id)

.debug
 *(.debug)

.line
 *(.line)

.debug_srcinfo
 *(.debug_srcinfo)

.debug_sfnames
 *(.debug_sfnames)

.debug_aranges  0x00000000      0x3e8
 *(.debug_aranges)
 .debug_aranges
                0x00000000       0x48 encoder.o
 .debug_aranges
                0x00000048      0x150 main.o
 .debug_aranges
                0x00000198       0x98 MPU6050.o
 .debug_aranges
                0x00000230       0x60 TWI.o
 .debug_aranges
                0x00000290      0x158 uart.o

.debug_pubnames
 *(.debug_pubnames)

.debug_info     0x00000000     0x572e
 *(.debug_info .gnu.linkonce.wi.*)
 .debug_info    0x00000000      0xbbc C:/Program Files (x86)/Atmel/Studio/7.0/Packs/Atmel/ATmega_DFP/1.2.203/gcc/dev/atmega2560/avr6/crtatmega2560.o
 .debug_info    0x00000bbc      0x39e encoder.o
 .debug_info    0x00000f5a     0x2a87 main.o
 .debug_info    0x000039e1      0xcad MPU6050.o
 .debug_info    0x0000468e      0x22f TWI.o
 .debug_info    0x000048bd      0xe71 uart.o

.debug_abbrev   0x00000000     0x1813
 *(.debug_abbrev)
 .debug_abbrev  0x00000000      0xb1a C:/Program Files (x86)/Atmel/Studio/7.0/Packs/Atmel/ATmega_DFP/1.2.203/gcc/dev/atmega2560/avr6/crtatmega2560.o
 .debug_abbrev  0x00000b1a      0x198 encoder.o
 .debug_abbrev  0x00000cb2      0x5af main.o
 .debug_abbrev  0x00001261      0x2a1 MPU6050.o
 .debug_abbrev  0x00001502      0x10b TWI.o
 .debug_abbrev  0x0000160d      0x206 uart.o

.debug_line     0x00000000     0x2d2f
 *(.debug_line .debug_line.* .debug_line_end)
 .debug_line    0x00000000      0x1f9 C:/Program Files (x86)/Atmel/Studio/7.0/Packs/Atmel/ATmega_DFP/1.2.203/gcc/dev/atmega2560/avr6/crtatmega2560.o
 .debug_line    0x000001f9      0x189 encoder.o
 .debug_line    0x00000382     0x18bf main.o
 .debug_line    0x00001c41      0x5f4 MPU6050.o
 .debug_line    0x00002235      0x279 TWI.o
 .debug_line    0x000024ae      0x881 uart.o

.debug_frame    0x00000000      0xfe4
 *(.debug_frame)
 .debug_frame   0x00000000       0xd0 encoder.o
 .debug_frame   0x000000d0      0x6cc main.o
 .debug_frame   0x0000079c      0x2f0 MPU6050.o
 .debug_frame   0x00000a8c       0xe4 TWI.o
 .debug_frame   0x00000b70      0x474 uart.o

.debug_str      0x00000000     0x1f9b
 *(.debug_str)
 .debug_str     0x00000000      0x3e6 C:/Program Files (x86)/Atmel/Studio/7.0/Packs/Atmel/ATmega_DFP/1.2.203/gcc/dev/atmega2560/avr6/crtatmega2560.o
 .debug_str     0x000003e6      0x390 encoder.o
                                0x3db (size before relaxing)
 .debug_str     0x00000776     0x120f main.o
                               0x165a (size before relaxing)
 .debug_str     0x00001985       0x83 MPU6050.o
                                0x641 (size before relaxing)
 .debug_str     0x00001a08       0x41 TWI.o
                                0x2d3 (size before relaxing)
 .debug_str     0x00001a49      0x552 uart.o
                                0x7e0 (size before relaxing)

.debug_loc      0x00000000     0x3b80
 *(.debug_loc)
 .debug_loc     0x00000000      0x1b3 encoder.o
 .debug_loc     0x000001b3     0x18a5 main.o
 .debug_loc     0x00001a58      0xe59 MPU6050.o
 .debug_loc     0x000028b1      0x283 TWI.o
 .debug_loc     0x00002b34     0x104c uart.o

.debug_macinfo
 *(.debug_macinfo)

.debug_weaknames
 *(.debug_weaknames)

.debug_funcnames
 *(.debug_funcnames)

.debug_typenames
 *(.debug_typenames)

.debug_varnames
 *(.debug_varnames)

.debug_pubtypes
 *(.debug_pubtypes)

.debug_ranges   0x00000000      0x410
 *(.debug_ranges)
 .debug_ranges  0x00000000       0x38 encoder.o
 .debug_ranges  0x00000038      0x158 main.o
 .debug_ranges  0x00000190       0x88 MPU6050.o
 .debug_ranges  0x00000218       0x50 TWI.o
 .debug_ranges  0x00000268      0x1a8 uart.o

.debug_macro
 *(.debug_macro)
OUTPUT(Master.elf elf32-avr)
LOAD linker stubs
