Archive member included to satisfy reference by file (symbol)

c:/program files (x86)/atmel/studio/7.0/toolchain/avr8/avr8-gnu-toolchain/bin/../lib/gcc/avr/5.4.0/../../../../avr/lib/avr6\libm.a(addsf3.o)
                              main.o (__subsf3)
c:/program files (x86)/atmel/studio/7.0/toolchain/avr8/avr8-gnu-toolchain/bin/../lib/gcc/avr/5.4.0/../../../../avr/lib/avr6\libm.a(addsf3x.o)
                              c:/program files (x86)/atmel/studio/7.0/toolchain/avr8/avr8-gnu-toolchain/bin/../lib/gcc/avr/5.4.0/../../../../avr/lib/avr6\libm.a(addsf3.o) (__addsf3x)
c:/program files (x86)/atmel/studio/7.0/toolchain/avr8/avr8-gnu-toolchain/bin/../lib/gcc/avr/5.4.0/../../../../avr/lib/avr6\libm.a(atan2.o)
                              main.o (atan2)
c:/program files (x86)/atmel/studio/7.0/toolchain/avr8/avr8-gnu-toolchain/bin/../lib/gcc/avr/5.4.0/../../../../avr/lib/avr6\libm.a(atan.o)
                              c:/program files (x86)/atmel/studio/7.0/toolchain/avr8/avr8-gnu-toolchain/bin/../lib/gcc/avr/5.4.0/../../../../avr/lib/avr6\libm.a(atan2.o) (atan)
c:/program files (x86)/atmel/studio/7.0/toolchain/avr8/avr8-gnu-toolchain/bin/../lib/gcc/avr/5.4.0/../../../../avr/lib/avr6\libm.a(cmpsf2.o)
                              MPU6050.o (__nesf2)
c:/program files (x86)/atmel/studio/7.0/toolchain/avr8/avr8-gnu-toolchain/bin/../lib/gcc/avr/5.4.0/../../../../avr/lib/avr6\libm.a(cos.o)
                              main.o (cos)
c:/program files (x86)/atmel/studio/7.0/toolchain/avr8/avr8-gnu-toolchain/bin/../lib/gcc/avr/5.4.0/../../../../avr/lib/avr6\libm.a(divsf3.o)
                              encoder.o (__divsf3)
c:/program files (x86)/atmel/studio/7.0/toolchain/avr8/avr8-gnu-toolchain/bin/../lib/gcc/avr/5.4.0/../../../../avr/lib/avr6\libm.a(divsf3x.o)
                              c:/program files (x86)/atmel/studio/7.0/toolchain/avr8/avr8-gnu-toolchain/bin/../lib/gcc/avr/5.4.0/../../../../avr/lib/avr6\libm.a(divsf3.o) (__divsf3x)
c:/program files (x86)/atmel/studio/7.0/toolchain/avr8/avr8-gnu-toolchain/bin/../lib/gcc/avr/5.4.0/../../../../avr/lib/avr6\libm.a(fixsfsi.o)
                              main.o (__fixsfsi)
c:/program files (x86)/atmel/studio/7.0/toolchain/avr8/avr8-gnu-toolchain/bin/../lib/gcc/avr/5.4.0/../../../../avr/lib/avr6\libm.a(fixunssfsi.o)
                              main.o (__fixunssfsi)
c:/program files (x86)/atmel/studio/7.0/toolchain/avr8/avr8-gnu-toolchain/bin/../lib/gcc/avr/5.4.0/../../../../avr/lib/avr6\libm.a(floatsisf.o)
                              main.o (__floatunsisf)
c:/program files (x86)/atmel/studio/7.0/toolchain/avr8/avr8-gnu-toolchain/bin/../lib/gcc/avr/5.4.0/../../../../avr/lib/avr6\libm.a(fp_cmp.o)
                              c:/program files (x86)/atmel/studio/7.0/toolchain/avr8/avr8-gnu-toolchain/bin/../lib/gcc/avr/5.4.0/../../../../avr/lib/avr6\libm.a(cmpsf2.o) (__fp_cmp)
c:/program files (x86)/atmel/studio/7.0/toolchain/avr8/avr8-gnu-toolchain/bin/../lib/gcc/avr/5.4.0/../../../../avr/lib/avr6\libm.a(fp_inf.o)
                              c:/program files (x86)/atmel/studio/7.0/toolchain/avr8/avr8-gnu-toolchain/bin/../lib/gcc/avr/5.4.0/../../../../avr/lib/avr6\libm.a(addsf3x.o) (__fp_inf)
c:/program files (x86)/atmel/studio/7.0/toolchain/avr8/avr8-gnu-toolchain/bin/../lib/gcc/avr/5.4.0/../../../../avr/lib/avr6\libm.a(fp_nan.o)
                              c:/program files (x86)/atmel/studio/7.0/toolchain/avr8/avr8-gnu-toolchain/bin/../lib/gcc/avr/5.4.0/../../../../avr/lib/avr6\libm.a(addsf3x.o) (__fp_nan)
c:/program files (x86)/atmel/studio/7.0/toolchain/avr8/avr8-gnu-toolchain/bin/../lib/gcc/avr/5.4.0/../../../../avr/lib/avr6\libm.a(fp_powser.o)
                              c:/program files (x86)/atmel/studio/7.0/toolchain/avr8/avr8-gnu-toolchain/bin/../lib/gcc/avr/5.4.0/../../../../avr/lib/avr6\libm.a(atan.o) (__fp_powser)
c:/program files (x86)/atmel/studio/7.0/toolchain/avr8/avr8-gnu-toolchain/bin/../lib/gcc/avr/5.4.0/../../../../avr/lib/avr6\libm.a(fp_pscA.o)
                              c:/program files (x86)/atmel/studio/7.0/toolchain/avr8/avr8-gnu-toolchain/bin/../lib/gcc/avr/5.4.0/../../../../avr/lib/avr6\libm.a(addsf3x.o) (__fp_pscA)
c:/program files (x86)/atmel/studio/7.0/toolchain/avr8/avr8-gnu-toolchain/bin/../lib/gcc/avr/5.4.0/../../../../avr/lib/avr6\libm.a(fp_pscB.o)
                              c:/program files (x86)/atmel/studio/7.0/toolchain/avr8/avr8-gnu-toolchain/bin/../lib/gcc/avr/5.4.0/../../../../avr/lib/avr6\libm.a(addsf3x.o) (__fp_pscB)
c:/program files (x86)/atmel/studio/7.0/toolchain/avr8/avr8-gnu-toolchain/bin/../lib/gcc/avr/5.4.0/../../../../avr/lib/avr6\libm.a(fp_rempio2.o)
                              c:/program files (x86)/atmel/studio/7.0/toolchain/avr8/avr8-gnu-toolchain/bin/../lib/gcc/avr/5.4.0/../../../../avr/lib/avr6\libm.a(cos.o) (__fp_rempio2)
c:/program files (x86)/atmel/studio/7.0/toolchain/avr8/avr8-gnu-toolchain/bin/../lib/gcc/avr/5.4.0/../../../../avr/lib/avr6\libm.a(fp_round.o)
[...]
Memory Configuration

Name             Origin             Length             Attributes
text             0x00000000         0x00100000         xr
data             0x00800200         0x0000fe00         rw !x
eeprom           0x00810000         0x00010000         rw !x
fuse             0x00820000         0x00000003         rw !x
lock             0x00830000         0x00000400         rw !x
signature        0x00840000         0x00000400         rw !x
user_signatures  0x00850000         0x00000400         rw !x
*default*        0x00000000         0xffffffff

Linker script and memory map

Address of section .data set to 0x800200
LOAD C:/Program Files (x86)/Atmel/Studio/7.0/Packs/Atmel/ATmega_DFP/1.2.203/gcc/dev/atmega2560/avr6/crtatmega2560.o
LOAD encoder.o
LOAD main.o
LOAD MPU6050.o
LOAD retry.o
LOAD TWI.o
LOAD uart.o
START GROUP
LOAD c:/program files (x86)/atmel/studio/7.0/toolchain/avr8/avr8-gnu-toolchain/bin/../lib/gcc/avr/5.4.0/../../../../avr/lib/avr6\libm.a
END GROUP
LOAD c:/program files (x86)/atmel/studio/7.0/toolchain/avr8/avr8-gnu-toolchain/bin/../lib/gcc/avr/5.4.0/avr6\libgcc.a
LOAD c:/program files (x86)/atmel/studio/7.0/toolchain/avr8/avr8-gnu-toolchain/bin/../lib/gcc/avr/5.4.0/../../../../avr/lib/avr6\libm.a
START GROUP
LOAD c:/program files (x86)/atmel/studio/7.0/toolchain/avr8/avr8-gnu-toolchain/bin/../lib/gcc/avr/5.4.0/avr6\libgcc.a
LOAD c:/program files (x86)/atmel/studio/7.0/toolchain/avr8/avr8-gnu-toolchain/bin/../lib/gcc/avr/5.4.0/../../../../avr/lib/avr6\libm.a
LOAD c:/program files (x86)/atmel/studio/7.0/toolchain/avr8/avr8-gnu-toolchain/bin/../lib/gcc/avr/5.4.0/../../../../avr/lib/avr6\libc.a
LOAD C:/Program Files (x86)/Atmel/Studio/7.0/Packs/Atmel/ATmega_DFP/1.2.203/gcc/dev/atmega2560/avr6\libatmega2560.a
END GROUP
                0x00100000                __TEXT_REGION_LENGTH__ = DEFINED (__TEXT_REGION_LENGTH__)?__TEXT_REGION_LENGTH__:0x100000
                0x0000fe00                __DATA_REGION_LENGTH__ = DEFINED (__DATA_REGION_LENGTH__)?__DATA_REGION_LENGTH__:0xfe00
                0x00010000                __EEPROM_REGION_LENGTH__ = DEFINED (__EEPROM_REGION_LENGTH__)?__EEPROM_REGION_LENGTH__:0x10000
                [0x00000003]                __FUSE_REGION_LENGTH__ = DEFINED (__FUSE_REGION_LENGTH__)?__FUSE_REGION_LENGTH__:0x400
                0x00000400                __LOCK_REGION_LENGTH__ = DEFINED (__LOCK_REGION_LENGTH__)?__LOCK_REGION_LENGTH__:0x400
                0x00000400                __SIGNATURE_REGION_LENGTH__ = DEFINED (__SIGNATURE_REGION_LENGTH__)?__SIGNATURE_REGION_LENGTH__:0x400
                0x00000400                __USER_SIGNATURE_REGION_LENGTH__ = DEFINED (__USER_SIGNATURE_REGION_LENGTH__)?__USER_SIGNATURE_REGION_LENGTH__:0x400

.hash
 *(.hash)

.dynsym
 *(.dynsym)

.dynstr
 *(.dynstr)

.gnu.version
 *(.gnu.version)

.gnu.version_d
 *(.gnu.version_d)

.gnu.version_r
 *(.gnu.version_r)

.rel.init
 *(.rel.init)

.rela.init
 *(.rela.init)

.rel.text
 *(.rel.text)
 *(.rel.text.*)
 *(.rel.gnu.linkonce.t*)

.rela.text
 *(.rela.text)
 *(.rela.text.*)
 *(.rela.gnu.linkonce.t*)

.rel.fini
 *(.rel.fini)

.rela.fini
 *(.rela.fini)

.rel.rodata
 *(.rel.rodata)
 *(.rel.rodata.*)
 *(.rel.gnu.linkonce.r*)

.rela.rodata
 *(.rela.rodata)
 *(.rela.rodata.*)
 *(.rela.gnu.linkonce.r*)

.rel.data
 *(.rel.data)
 *(.rel.data.*)
 *(.rel.gnu.linkonce.d*)

.rela.data
 *(.rela.data)
 *(.rela.data.*)
 *(.rela.gnu.linkonce.d*)

.rel.ctors
 *(.rel.ctors)

.rela.ctors
 *(.rela.ctors)

.rel.dtors
 *(.rel.dtors)

.rela.dtors
 *(.rela.dtors)

.rel.got
 *(.rel.got)

.rela.got
 *(.rela.got)

.rel.bss
 *(.rel.bss)

.rela.bss
 *(.rela.bss)

.rel.plt
 *(.rel.plt)

.rela.plt
 *(.rela.plt)

.text           0x00000000     0x44da
 *(.vectors)
 .vectors       0x00000000       0xe4 C:/Program Files (x86)/Atmel/Studio/7.0/Packs/Atmel/ATmega_DFP/1.2.203/gcc/dev/atmega2560/avr6/crtatmega2560.o
                0x00000000                __vector_default
                0x00000000                __vectors
 *(.vectors)
 *(.progmem.gcc*)
 .progmem.gcc_fplib
                0x000000e4       0x2d c:/program files (x86)/atmel/studio/7.0/toolchain/avr8/avr8-gnu-toolchain/bin/../lib/gcc/avr/5.4.0/../../../../avr/lib/avr6\libm.a(atan.o)
 .progmem.gcc_fplib
                0x00000111       0x1e c:/program files (x86)/atmel/studio/7.0/toolchain/avr8/avr8-gnu-toolchain/bin/../lib/gcc/avr/5.4.0/../../../../avr/lib/avr6\libm.a(fp_sinus.o)
                0x00000130                . = ALIGN (0x2)
 *fill*         0x0000012f        0x1 
                0x00000130                __trampolines_start = .
 *(.trampolines)
 .trampolines   0x00000130        0x0 linker stubs
 *(.trampolines*)
                0x00000130                __trampolines_end = .
 *libprintf_flt.a:*(.progmem.data)
 *libc.a:*(.progmem.data)
 *(.progmem*)
                0x00000130                . = ALIGN (0x2)
 *(.jumptables)
 *(.jumptables*)
 *(.lowtext)
 *(.lowtext*)
                0x00000130                __ctors_start = .
 *(.ctors)
 .ctors         0x00000130        0x2 main.o
                0x00000132                __ctors_end = .
                0x00000132                __dtors_start = .
 *(.dtors)
                0x00000132                __dtors_end = .
 SORT(*)(.ctors)
 SORT(*)(.dtors)
 *(.init0)
 .init0         0x00000132        0x0 C:/Program Files (x86)/Atmel/Studio/7.0/Packs/Atmel/ATmega_DFP/1.2.203/gcc/dev/atmega2560/avr6/crtatmega2560.o
                0x00000132                __init
 *(.init0)
 *(.init1)
 *(.init1)
 *(.init2)
 .init2         0x00000132       0x10 C:/Program Files (x86)/Atmel/Studio/7.0/Packs/Atmel/ATmega_DFP/1.2.203/gcc/dev/atmega2560/avr6/crtatmega2560.o
 *(.init2)
 *(.init3)
 *(.init3)
 *(.init4)
 .init4         0x00000142       0x1a c:/program files (x86)/atmel/studio/7.0/toolchain/avr8/avr8-gnu-toolchain/bin/../lib/gcc/avr/5.4.0/avr6\libgcc.a(_copy_data.o)
                0x00000142                __do_copy_data
 .init4         0x0000015c       0x10 c:/program files (x86)/atmel/studio/7.0/toolchain/avr8/avr8-gnu-toolchain/bin/../lib/gcc/avr/5.4.0/avr6\libgcc.a(_clear_bss.o)
                0x0000015c                __do_clear_bss
 *(.init4)
 *(.init5)
 *(.init5)
 *(.init6)
 .init6         0x0000016c       0x20 c:/program files (x86)/atmel/studio/7.0/toolchain/avr8/avr8-gnu-toolchain/bin/../lib/gcc/avr/5.4.0/avr6\libgcc.a(_ctors.o)
                0x0000016c                __do_global_ctors
 *(.init6)
 *(.init7)
 *(.init7)
 *(.init8)
 *(.init8)
 *(.init9)
 .init9         0x0000018c        0x8 C:/Program Files (x86)/Atmel/Studio/7.0/Packs/Atmel/ATmega_DFP/1.2.203/gcc/dev/atmega2560/avr6/crtatmega2560.o
 *(.init9)
 *(.text)
 .text          0x00000194        0x2 C:/Program Files (x86)/Atmel/Studio/7.0/Packs/Atmel/ATmega_DFP/1.2.203/gcc/dev/atmega2560/avr6/crtatmega2560.o
                0x00000194                __vector_38
                0x00000194                __vector_22
                0x00000194                __vector_28
                0x00000194                __vector_1
                0x00000194                __vector_32
                0x00000194                __vector_34
                0x00000194                __vector_24
                0x00000194                __vector_12
                0x00000194                __vector_46
                0x00000194                __bad_interrupt
                0x00000194                __vector_31
                0x00000194                __vector_35
                0x00000194                __vector_39
                0x00000194                __vector_30
                0x00000194                __vector_45
                0x00000194                __vector_13
                0x00000194                __vector_17
                0x00000194                __vector_19
                0x00000194                __vector_56
                0x00000194                __vector_7
                0x00000194                __vector_49
                0x00000194                __vector_41
                0x00000194                __vector_43
                0x00000194                __vector_27
                0x00000194                __vector_5
                0x00000194                __vector_33
                0x00000194                __vector_47
                0x00000194                __vector_4
                0x00000194                __vector_44
                0x00000194                __vector_2
                0x00000194                __vector_21
                0x00000194                __vector_29
                0x00000194                __vector_40
                0x00000194                __vector_8
                0x00000194                __vector_48
                0x00000194                __vector_14
                0x00000194                __vector_53
                0x00000194                __vector_10
                0x00000194                __vector_50
                0x00000194                __vector_16
                0x00000194                __vector_18
                0x00000194                __vector_20
                0x00000194                __vector_42
                0x00000196                . = ALIGN (0x2)
 *(.text.*)
 .text._ZN7encoder22Init_encoder_interruptEv
                0x00000196       0x16 encoder.o
                0x00000196                _ZN7encoder22Init_encoder_interruptEv
 .text._ZN7encoder10Init_timerEv
                0x000001ac       0x10 encoder.o
                0x000001ac                _ZN7encoder10Init_timerEv
 .text._ZN7encoder11getdistanceEv
                0x000001bc       0x3c encoder.o
                0x000001bc                _ZN7encoder11getdistanceEv
 .text.__vector_3
                0x000001f8       0x4e encoder.o
                0x000001f8                __vector_3
 .text.__vector_6
                0x00000246       0x4e encoder.o
                0x00000246                __vector_6
 .text.__vector_23
                0x00000294       0x2e encoder.o
                0x00000294                __vector_23
 .text._Z13init_HMC5883Lv
                0x000002c2       0x48 main.o
                0x000002c2                _Z13init_HMC5883Lv
 .text._Z12read_Compassv
                0x0000030a       0x82 main.o
                0x0000030a                _Z12read_Compassv
 .text._Z6millisv
                0x0000038c       0x18 main.o
                0x0000038c                _Z6millisv
 .text._Z21initialise_timeperiodv
                0x000003a4       0x1a main.o
                0x000003a4                _Z21initialise_timeperiodv
 .text.__vector_15
                0x000003be       0xd8 main.o
                0x000003be                __vector_15
 .text._Z8initGY88v
                0x00000496       0x2a main.o
                0x00000496                _Z8initGY88v
 .text._Z25compass_tilt_compensationfffff
                0x000004c0      0x17c main.o
                0x000004c0                _Z25compass_tilt_compensationfffff
 .text._Z24getAverageCompensatedYawv
                0x0000063c      0x13e main.o
                0x0000063c                _Z24getAverageCompensatedYawv
 .text._Z10getYawGY88v
                0x0000077a      0x2e2 main.o
                0x0000077a                _Z10getYawGY88v
 .text._Z13initializeAllv
                0x00000a5c      0x154 main.o
                0x00000a5c                _Z13initializeAllv
 .text._Z10BrakeMotorv
                0x00000bb0       0x1e main.o
                0x00000bb0                _Z10BrakeMotorv
 .text._Z15sendDataToSlavev
                0x00000bce       0x2c main.o
                0x00000bce                _Z15sendDataToSlavev
 .text._Z21Goto_Fence_And_Detectv
                0x00000bfa      0x17e main.o
                0x00000bfa                _Z21Goto_Fence_And_Detectv
 .text._Z19calculateCompassPIDv
                0x00000d78      0x2a6 main.o
                0x00000d78                _Z19calculateCompassPIDv
 .text._Z12calculatevelv
                0x0000101e      0x186 main.o
                0x0000101e                _Z12calculatevelv
 .text._Z4movxiij
                0x000011a4      0x35a main.o
                0x000011a4                _Z4movxiij
 .text._Z27Get_Front_LinetrackerY_Datav
                0x000014fe       0x8e main.o
                0x000014fe                _Z27Get_Front_LinetrackerY_Datav
 .text._Z26Get_Back_LinetrackerY_Datav
                0x0000158c      0x1c0 main.o
                0x0000158c                _Z26Get_Back_LinetrackerY_Datav
 .text._Z32Calculate_Front_LinetrackerY_Pidv
                0x0000174c      0x1f2 main.o
                0x0000174c                _Z32Calculate_Front_LinetrackerY_Pidv
 .text._Z31Calculate_Back_LinetrackerY_Pidv
                0x0000193e      0x1f0 main.o
                0x0000193e                _Z31Calculate_Back_LinetrackerY_Pidv
 .text._Z18Calculate_Velocityv
                0x00001b2e       0x70 main.o
                0x00001b2e                _Z18Calculate_Velocityv
 .text._Z55Calculate_Motor_Differential_Velocity_With_Center_Pivoti
                0x00001b9e       0x92 main.o
                0x00001b9e                _Z55Calculate_Motor_Differential_Velocity_With_Center_Pivoti
 .text._Z15movYForwardSlowj
                0x00001c30       0x60 main.o
                0x00001c30                _Z15movYForwardSlowj
 .text._Z10Move_Yaxisiij
                0x00001c90      0x2d0 main.o
                0x00001c90                _Z10Move_Yaxisiij
 .text._Z13Hold_Positionv
                0x00001f60       0x5c main.o
                0x00001f60                _Z13Hold_Positionv
 .text._Z14updateZoneflagv
                0x00001fbc      0x16e main.o
                0x00001fbc                _Z14updateZoneflagv
 .text._Z18gorockthegamefieldv
                0x0000212a      0xc94 main.o
                0x0000212a                _Z18gorockthegamefieldv
 .text.__vector_9
                0x00002dbe       0xa4 main.o
                0x00002dbe                __vector_9
 .text.__vector_11
                0x00002e62       0xe2 main.o
                0x00002e62                __vector_11
 .text.main     0x00002f44       0x78 main.o
                0x00002f44                main
 .text._GLOBAL__sub_I_compassPID
                0x00002fbc       0x80 main.o
 .text._ZN7MPU6050C2Ev
                0x0000303c       0x9c MPU6050.o
                0x0000303c                _ZN7MPU6050C2Ev
                0x0000303c                _ZN7MPU6050C1Ev
 .text._ZN7MPU60504InitEv
                0x000030d8       0x68 MPU6050.o
                0x000030d8                _ZN7MPU60504InitEv
 .text._ZN7MPU605017startReadLocationEh
                0x00003140       0x14 MPU6050.o
                0x00003140                _ZN7MPU605017startReadLocationEh
 .text._ZN7MPU605012readRawAccelEv
                0x00003154       0xc6 MPU6050.o
                0x00003154                _ZN7MPU605012readRawAccelEv
 .text._ZN7MPU605018readNormalizeAccelEv
                0x0000321a       0xbe MPU6050.o
                0x0000321a                _ZN7MPU605018readNormalizeAccelEv
 .text._ZN7MPU605011readRawGyroEv
                0x000032d8       0x9a MPU6050.o
                0x000032d8                _ZN7MPU605011readRawGyroEv
 .text._ZN7MPU605012setThresholdEh
                0x00003372       0xcc MPU6050.o
                0x00003372                _ZN7MPU605012setThresholdEh
 .text._ZN7MPU605013calibrateGyroEh
                0x0000343e      0x316 MPU6050.o
                0x0000343e                _ZN7MPU605013calibrateGyroEh
 .text._ZN7MPU60508rateGyroEv
                0x00003754       0xb2 MPU6050.o
                0x00003754                _ZN7MPU60508rateGyroEv
 .text._ZN7MPU605012getGyroRateXEv
                0x00003806       0x10 MPU6050.o
                0x00003806                _ZN7MPU605012getGyroRateXEv
 .text._ZN7MPU605012getGyroRateYEv
                0x00003816       0x10 MPU6050.o
                0x00003816                _ZN7MPU605012getGyroRateYEv
 .text._ZN7MPU605012getGyroRateZEv
                0x00003826       0x10 MPU6050.o
                0x00003826                _ZN7MPU605012getGyroRateZEv
 .text._Z16checkRobotMotionv
                0x00003836       0x48 retry.o
                0x00003836                _Z16checkRobotMotionv
 .text._Z8i2c_initv
                0x0000387e        0xc TWI.o
                0x0000387e                _Z8i2c_initv
 .text._Z9i2c_starth
                0x0000388a       0x4e TWI.o
                0x0000388a                _Z9i2c_starth
 .text._Z13i2c_rep_starth
                0x000038d8        0x4 TWI.o
                0x000038d8                _Z13i2c_rep_starth
 .text._Z8i2c_stopv
                0x000038dc       0x12 TWI.o
                0x000038dc                _Z8i2c_stopv
 .text._Z14i2c_start_waith
                0x000038ee       0x76 TWI.o
                0x000038ee                _Z14i2c_start_waith
 .text._Z9i2c_writeh
                0x00003964       0x24 TWI.o
                0x00003964                _Z9i2c_writeh
 .text._Z11i2c_readAckv
                0x00003988       0x16 TWI.o
                0x00003988                _Z11i2c_readAckv
 .text._Z11i2c_readNakv
                0x0000399e       0x16 TWI.o
                0x0000399e                _Z11i2c_readNakv
 .text.__vector_25
                0x000039b4       0x5e uart.o
                0x000039b4                __vector_25
 .text.__vector_26
                0x00003a12       0x5c uart.o
                0x00003a12                __vector_26
 .text._Z10uart0_initj
                0x00003a6e       0x32 uart.o
                0x00003a6e                _Z10uart0_initj
 .text._Z10uart0_putch
                0x00003aa0       0x2a uart.o
                0x00003aa0                _Z10uart0_putch
 .text._Z10uart0_putsPKc
                0x00003aca       0x1c uart.o
                0x00003aca                _Z10uart0_putsPKc
 .text.__vector_36
                0x00003ae6       0x5e uart.o
                0x00003ae6                __vector_36
 .text.__vector_37
                0x00003b44       0x5c uart.o
                0x00003b44                __vector_37
 .text.__vector_51
                0x00003ba0       0x20 uart.o
                0x00003ba0                __vector_51
 .text.__vector_52
                0x00003bc0       0x5c uart.o
                0x00003bc0                __vector_52
 .text._Z10uart2_initj
                0x00003c1c       0x32 uart.o
                0x00003c1c                _Z10uart2_initj
 .text._Z10uart2_getcv
                0x00003c4e        0x8 uart.o
                0x00003c4e                _Z10uart2_getcv
 .text._Z10uart2_putch
                0x00003c56       0x2a uart.o
                0x00003c56                _Z10uart2_putch
 .text.__vector_54
                0x00003c80       0x5e uart.o
                0x00003c80                __vector_54
 .text.__vector_55
                0x00003cde       0x5c uart.o
                0x00003cde                __vector_55
 .text._Z10uart3_initj
                0x00003d3a       0x32 uart.o
                0x00003d3a                _Z10uart3_initj
 .text._Z10uart3_getcv
                0x00003d6c       0x36 uart.o
                0x00003d6c                _Z10uart3_getcv
 .text._Z10uart3_putch
                0x00003da2       0x2a uart.o
                0x00003da2                _Z10uart3_putch
 .text.avr-libc.fplib
                0x00003dcc        0xa c:/program files (x86)/atmel/studio/7.0/toolchain/avr8/avr8-gnu-toolchain/bin/../lib/gcc/avr/5.4.0/../../../../avr/lib/avr6\libm.a(addsf3.o)
                0x00003dcc                __subsf3
                0x00003dce                __addsf3
 .text.avr-libc.fplib
                0x00003dd6       0xc0 c:/program files (x86)/atmel/studio/7.0/toolchain/avr8/avr8-gnu-toolchain/bin/../lib/gcc/avr/5.4.0/../../../../avr/lib/avr6\libm.a(addsf3x.o)
                0x00003df0                __addsf3x
 .text.avr-libc.fplib
                0x00003e96       0x74 c:/program files (x86)/atmel/studio/7.0/toolchain/avr8/avr8-gnu-toolchain/bin/../lib/gcc/avr/5.4.0/../../../../avr/lib/avr6\libm.a(atan2.o)
                0x00003eb4                atan2
 .text.avr-libc.fplib
                0x00003f0a       0x50 c:/program files (x86)/atmel/studio/7.0/toolchain/avr8/avr8-gnu-toolchain/bin/../lib/gcc/avr/5.4.0/../../../../avr/lib/avr6\libm.a(atan.o)
                0x00003f0a                atan
 .text.avr-libc.fplib
                0x00003f5a        0x8 c:/program files (x86)/atmel/studio/7.0/toolchain/avr8/avr8-gnu-toolchain/bin/../lib/gcc/avr/5.4.0/../../../../avr/lib/avr6\libm.a(cmpsf2.o)
                0x00003f5a                __nesf2
                0x00003f5a                __eqsf2
                0x00003f5a                __cmpsf2
                0x00003f5a                __ltsf2
                0x00003f5a                __lesf2
 .text.avr-libc.fplib
                0x00003f62        0x6 c:/program files (x86)/atmel/studio/7.0/toolchain/avr8/avr8-gnu-toolchain/bin/../lib/gcc/avr/5.4.0/../../../../avr/lib/avr6\libm.a(cos.o)
                0x00003f62                cos
 .text.avr-libc.fplib
                0x00003f68        0x4 c:/program files (x86)/atmel/studio/7.0/toolchain/avr8/avr8-gnu-toolchain/bin/../lib/gcc/avr/5.4.0/../../../../avr/lib/avr6\libm.a(divsf3.o)
                0x00003f68                __divsf3
 .text.avr-libc.fplib
                0x00003f6c       0xcc c:/program files (x86)/atmel/studio/7.0/toolchain/avr8/avr8-gnu-toolchain/bin/../lib/gcc/avr/5.4.0/../../../../avr/lib/avr6\libm.a(divsf3x.o)
                0x00003f82                __divsf3x
                0x00003f86                __divsf3_pse
 .text.avr-libc.fplib
                0x00004038        0xa c:/program files (x86)/atmel/studio/7.0/toolchain/avr8/avr8-gnu-toolchain/bin/../lib/gcc/avr/5.4.0/../../../../avr/lib/avr6\libm.a(fixsfsi.o)
                0x00004038                __fixsfsi
 .text.avr-libc.fplib
                0x00004042       0x58 c:/program files (x86)/atmel/studio/7.0/toolchain/avr8/avr8-gnu-toolchain/bin/../lib/gcc/avr/5.4.0/../../../../avr/lib/avr6\libm.a(fixunssfsi.o)
                0x00004042                __fixunssfsi
 .text.avr-libc.fplib
                0x0000409a       0x7a c:/program files (x86)/atmel/studio/7.0/toolchain/avr8/avr8-gnu-toolchain/bin/../lib/gcc/avr/5.4.0/../../../../avr/lib/avr6\libm.a(floatsisf.o)
                0x0000409a                __floatunsisf
                0x0000409e                __floatsisf
 .text.avr-libc.fplib
                0x00004114       0x48 c:/program files (x86)/atmel/studio/7.0/toolchain/avr8/avr8-gnu-toolchain/bin/../lib/gcc/avr/5.4.0/../../../../avr/lib/avr6\libm.a(fp_cmp.o)
                0x00004114                __fp_cmp
 .text.avr-libc.fplib
                0x0000415c        0xc c:/program files (x86)/atmel/studio/7.0/toolchain/avr8/avr8-gnu-toolchain/bin/../lib/gcc/avr/5.4.0/../../../../avr/lib/avr6\libm.a(fp_inf.o)
                0x0000415c                __fp_inf
 .text.avr-libc.fplib
                0x00004168        0x6 c:/program files (x86)/atmel/studio/7.0/toolchain/avr8/avr8-gnu-toolchain/bin/../lib/gcc/avr/5.4.0/../../../../avr/lib/avr6\libm.a(fp_nan.o)
                0x00004168                __fp_nan
 .text.avr-libc.fplib
                0x0000416e       0x4a c:/program files (x86)/atmel/studio/7.0/toolchain/avr8/avr8-gnu-toolchain/bin/../lib/gcc/avr/5.4.0/../../../../avr/lib/avr6\libm.a(fp_powser.o)
                0x0000416e                __fp_powser
 .text.avr-libc.fplib
                0x000041b8        0xe c:/program files (x86)/atmel/studio/7.0/toolchain/avr8/avr8-gnu-toolchain/bin/../lib/gcc/avr/5.4.0/../../../../avr/lib/avr6\libm.a(fp_pscA.o)
                0x000041b8                __fp_pscA
 .text.avr-libc.fplib
                0x000041c6        0xe c:/program files (x86)/atmel/studio/7.0/toolchain/avr8/avr8-gnu-toolchain/bin/../lib/gcc/avr/5.4.0/../../../../avr/lib/avr6\libm.a(fp_pscB.o)
                0x000041c6                __fp_pscB
 .text.avr-libc.fplib
                0x000041d4       0x50 c:/program files (x86)/atmel/studio/7.0/toolchain/avr8/avr8-gnu-toolchain/bin/../lib/gcc/avr/5.4.0/../../../../avr/lib/avr6\libm.a(fp_rempio2.o)
                0x000041d6                __fp_rempio2
 .text.avr-libc.fplib
                0x00004224       0x22 c:/program files (x86)/atmel/studio/7.0/toolchain/avr8/avr8-gnu-toolchain/bin/../lib/gcc/avr/5.4.0/../../../../avr/lib/avr6\libm.a(fp_round.o)
                0x00004224                __fp_round
 .text.avr-libc.fplib
                0x00004246       0x22 c:/program files (x86)/atmel/studio/7.0/toolchain/avr8/avr8-gnu-toolchain/bin/../lib/gcc/avr/5.4.0/../../../../avr/lib/avr6\libm.a(fp_sinus.o)
                0x00004246                __fp_sinus
 .text.avr-libc.fplib
                0x00004268       0x44 c:/program files (x86)/atmel/studio/7.0/toolchain/avr8/avr8-gnu-toolchain/bin/../lib/gcc/avr/5.4.0/../../../../avr/lib/avr6\libm.a(fp_split3.o)
                0x00004268                __fp_split3
                0x00004278                __fp_splitA
 .text.avr-libc.fplib
                0x000042ac        0xe c:/program files (x86)/atmel/studio/7.0/toolchain/avr8/avr8-gnu-toolchain/bin/../lib/gcc/avr/5.4.0/../../../../avr/lib/avr6\libm.a(fp_zero.o)
                0x000042ac                __fp_zero
                0x000042ae                __fp_szero
 .text.avr-libc.fplib
                0x000042ba        0x8 c:/program files (x86)/atmel/studio/7.0/toolchain/avr8/avr8-gnu-toolchain/bin/../lib/gcc/avr/5.4.0/../../../../avr/lib/avr6\libm.a(gesf2.o)
                0x000042ba                __gesf2
                0x000042ba                __gtsf2
 .text.avr-libc.fplib
                0x000042c2        0xe c:/program files (x86)/atmel/studio/7.0/toolchain/avr8/avr8-gnu-toolchain/bin/../lib/gcc/avr/5.4.0/../../../../avr/lib/avr6\libm.a(inverse.o)
                0x000042c2                inverse
 .text.avr-libc.fplib
                0x000042d0        0x4 c:/program files (x86)/atmel/studio/7.0/toolchain/avr8/avr8-gnu-toolchain/bin/../lib/gcc/avr/5.4.0/../../../../avr/lib/avr6\libm.a(mulsf3.o)
                0x000042d0                __mulsf3
 .text.avr-libc.fplib
                0x000042d4       0xc2 c:/program files (x86)/atmel/studio/7.0/toolchain/avr8/avr8-gnu-toolchain/bin/../lib/gcc/avr/5.4.0/../../../../avr/lib/avr6\libm.a(mulsf3x.o)
                0x000042e8                __mulsf3x
                0x000042ec                __mulsf3_pse
 .text.avr-libc.fplib
                0x00004396        0xc c:/program files (x86)/atmel/studio/7.0/toolchain/avr8/avr8-gnu-toolchain/bin/../lib/gcc/avr/5.4.0/../../../../avr/lib/avr6\libm.a(sin.o)
                0x00004396                sin
 .text.avr-libc.fplib
                0x000043a2       0x84 c:/program files (x86)/atmel/studio/7.0/toolchain/avr8/avr8-gnu-toolchain/bin/../lib/gcc/avr/5.4.0/../../../../avr/lib/avr6\libm.a(sqrt.o)
                0x000043aa                sqrtf
                0x000043aa                sqrt
 .text.avr-libc.fplib
                0x00004426        0x6 c:/program files (x86)/atmel/studio/7.0/toolchain/avr8/avr8-gnu-toolchain/bin/../lib/gcc/avr/5.4.0/../../../../avr/lib/avr6\libm.a(square.o)
                0x00004426                square
 .text.avr-libc.fplib
                0x0000442c       0x1c c:/program files (x86)/atmel/studio/7.0/toolchain/avr8/avr8-gnu-toolchain/bin/../lib/gcc/avr/5.4.0/../../../../avr/lib/avr6\libm.a(fp_mpack.o)
                0x0000442c                __fp_mpack
                0x00004430                __fp_mpack_finite
 .text.avr-libc.fplib
                0x00004448        0xe c:/program files (x86)/atmel/studio/7.0/toolchain/avr8/avr8-gnu-toolchain/bin/../lib/gcc/avr/5.4.0/../../../../avr/lib/avr6\libm.a(fp_norm2.o)
                0x00004448                __fp_norm2
 .text.avr-libc.fplib
                0x00004456       0x22 c:/program files (x86)/atmel/studio/7.0/toolchain/avr8/avr8-gnu-toolchain/bin/../lib/gcc/avr/5.4.0/../../../../avr/lib/avr6\libm.a(fp_powsodd.o)
                0x00004456                __fp_powsodd
 .text.libgcc.div
                0x00004478       0x26 c:/program files (x86)/atmel/studio/7.0/toolchain/avr8/avr8-gnu-toolchain/bin/../lib/gcc/avr/5.4.0/avr6\libgcc.a(_divmodhi4.o)
                0x00004478                _div
                0x00004478                __divmodhi4
 .text.libgcc.div
                0x0000449e       0x28 c:/program files (x86)/atmel/studio/7.0/toolchain/avr8/avr8-gnu-toolchain/bin/../lib/gcc/avr/5.4.0/avr6\libgcc.a(_udivmodhi4.o)
                0x0000449e                __udivmodhi4
 .text.libgcc   0x000044c6       0x10 c:/program files (x86)/atmel/studio/7.0/toolchain/avr8/avr8-gnu-toolchain/bin/../lib/gcc/avr/5.4.0/avr6\libgcc.a(_tablejump2.o)
                0x000044c6                __tablejump2__
                0x000044d6                . = ALIGN (0x2)
 *(.fini9)
 .fini9         0x000044d6        0x0 c:/program files (x86)/atmel/studio/7.0/toolchain/avr8/avr8-gnu-toolchain/bin/../lib/gcc/avr/5.4.0/avr6\libgcc.a(_exit.o)
                0x000044d6                _exit
                0x000044d6                exit
 *(.fini9)
 *(.fini8)
 *(.fini8)
 *(.fini7)
 *(.fini7)
 *(.fini6)
 *(.fini6)
 *(.fini5)
 *(.fini5)
 *(.fini4)
 *(.fini4)
 *(.fini3)
 *(.fini3)
 *(.fini2)
 *(.fini2)
 *(.fini1)
 *(.fini1)
 *(.fini0)
 .fini0         0x000044d6        0x4 c:/program files (x86)/atmel/studio/7.0/toolchain/avr8/avr8-gnu-toolchain/bin/../lib/gcc/avr/5.4.0/avr6\libgcc.a(_exit.o)
 *(.fini0)
                0x000044da                _etext = .

.data           0x00800200       0x9e load address 0x000044da
                0x00800200                PROVIDE (__data_start, .)
 *(.data)
 *(.data*)
 .data.PidUpdateFlagDriveY
                0x00800200        0x1 encoder.o
                0x00800200                PidUpdateFlagDriveY
 .data.PidUpdateFlagDriveX
                0x00800201        0x1 encoder.o
                0x00800201                PidUpdateFlagDriveX
 .data.PidUpdateFlagCompass
                0x00800202        0x1 encoder.o
                0x00800202                PidUpdateFlagCompass
 .data.PidUpdateFlagLinetrackerFront
                0x00800203        0x1 encoder.o
                0x00800203                PidUpdateFlagLinetrackerFront
 .data.PidUpdateFlagLinetrackerBack
                0x00800204        0x1 encoder.o
                0x00800204                PidUpdateFlagLinetrackerBack
 .data.robotState
                0x00800205        0x2 main.o
                0x00800205                robotState
 .data.sendoncetorotateGeneva
                0x00800207        0x1 main.o
                0x00800207                sendoncetorotateGeneva
 .data.ManualInFrontOfLZ2
                0x00800208        0x1 main.o
                0x00800208                ManualInFrontOfLZ2
 .data._previous_data_of_back_linetracker
                0x00800209        0x1 main.o
                0x00800209                _previous_data_of_back_linetracker
 .data._previous_data_of_front_linetracker
                0x0080020a        0x1 main.o
                0x0080020a                _previous_data_of_front_linetracker
 .data._direction
                0x0080020b        0x1 main.o
                0x0080020b                _direction
 .data._axis    0x0080020c        0x1 main.o
                0x0080020c                _axis
 .data._direction_matrix
                0x0080020d       0x14 main.o
                0x0080020d                _direction_matrix
 .data.inverseKinematicsTrue
                0x00800221        0x1 main.o
                0x00800221                inverseKinematicsTrue
 .data.startingAtFront
                0x00800222        0x1 main.o
                0x00800222                startingAtFront
 .data.coupling_matrix
                0x00800223       0x30 main.o
                0x00800223                coupling_matrix
 .data.first_data_time_of_limit_switches_pressed
                0x00800253        0x1 main.o
                0x00800253                first_data_time_of_limit_switches_pressed
 .data.readFirstData
                0x00800254        0x1 main.o
                0x00800254                readFirstData
 .data.linetrackerPID
                0x00800255        0x1 main.o
                0x00800255                linetrackerPID
 .data.compassPID
                0x00800256        0x1 main.o
                0x00800256                compassPID
 *(.gnu.linkonce.d*)
 *(.rodata)
 *(.rodata*)
 .rodata.str1.1
                0x00800257       0x37 main.o
 .rodata._ZL6weight
                0x0080028e       0x10 main.o
 *(.gnu.linkonce.r*)
                0x0080029e                . = ALIGN (0x2)
                0x0080029e                _edata = .
                0x0080029e                PROVIDE (__data_end, .)

.bss            0x0080029e      0x2fb
                0x0080029e                PROVIDE (__bss_start, .)
 *(.bss)
 *(.bss*)
 .bss.encoderY  0x0080029e        0x8 main.o
                0x0080029e                encoderY
 .bss.encoderX  0x008002a6        0x8 main.o
                0x008002a6                encoderX
 .bss.receiveAck
                0x008002ae        0x1 main.o
                0x008002ae                receiveAck
 .bss.xJunctionMeetFromTZ2
                0x008002af        0x1 main.o
                0x008002af                xJunctionMeetFromTZ2
 .bss.task9     0x008002b0        0x1 main.o
                0x008002b0                task9
 .bss.task8     0x008002b1        0x1 main.o
                0x008002b1                task8
 .bss.task7     0x008002b2        0x1 main.o
                0x008002b2                task7
 .bss.task6     0x008002b3        0x1 main.o
                0x008002b3                task6
 .bss.task5     0x008002b4        0x1 main.o
                0x008002b4                task5
 .bss.task4     0x008002b5        0x1 main.o
                0x008002b5                task4
 .bss.task3     0x008002b6        0x1 main.o
                0x008002b6                task3
 .bss.task2     0x008002b7        0x1 main.o
                0x008002b7                task2
 .bss.task1     0x008002b8        0x1 main.o
                0x008002b8                task1
 .bss.where     0x008002b9        0x2 main.o
                0x008002b9                where
 .bss.gotoLZ2   0x008002bb        0x1 main.o
                0x008002bb                gotoLZ2
 .bss.backtoLZ2
                0x008002bc        0x1 main.o
                0x008002bc                backtoLZ2
 .bss.backtoLZ1
                0x008002bd        0x1 main.o
                0x008002bd                backtoLZ1
 .bss.GoThrowingZone3
                0x008002be        0x1 main.o
                0x008002be                GoThrowingZone3
 .bss.GoThrowingZone2
                0x008002bf        0x1 main.o
                0x008002bf                GoThrowingZone2
 .bss.GoThrowingZone1
                0x008002c0        0x1 main.o
                0x008002c0                GoThrowingZone1
 .bss._b_Transmit_once
                0x008002c1        0x1 main.o
                0x008002c1                _b_Transmit_once
 .bss.ShuttleCockArmGone
                0x008002c2        0x1 main.o
                0x008002c2                ShuttleCockArmGone
 .bss.GoldenRackGiven
                0x008002c3        0x1 main.o
                0x008002c3                GoldenRackGiven
 .bss.ShuttleCockGiven
                0x008002c4        0x1 main.o
                0x008002c4                ShuttleCockGiven
 .bss.BackLinetrackerY_
                0x008002c5       0x21 main.o
                0x008002c5                BackLinetrackerY_
 .bss.FrontLinetrackerY_
                0x008002e6       0x21 main.o
                0x008002e6                FrontLinetrackerY_
 .bss._back_linetracker_right_edge_left
                0x00800307        0x1 main.o
                0x00800307                _back_linetracker_right_edge_left
 .bss._back_linetracker_left_edge_left
                0x00800308        0x1 main.o
                0x00800308                _back_linetracker_left_edge_left
 .bss._front_linetracker_right_edge_left
                0x00800309        0x1 main.o
                0x00800309                _front_linetracker_right_edge_left
 .bss._front_linetracker_left_edge_left
                0x0080030a        0x1 main.o
                0x0080030a                _front_linetracker_left_edge_left
 .bss.driveY    0x0080030b       0x21 main.o
                0x0080030b                driveY
 .bss.driveX    0x0080032c       0x21 main.o
                0x0080032c                driveX
 .bss.compass   0x0080034d       0x21 main.o
                0x0080034d                compass
 .bss.ltYBack   0x0080036e       0x21 main.o
                0x0080036e                ltYBack
 .bss.ltYFront  0x0080038f       0x21 main.o
                0x0080038f                ltYFront
 .bss._ZL7lineBit
                0x008003b0       0x10 main.o
 .bss._ZL9totalLine
                0x008003c0        0x4 main.o
 .bss._ZL8totalSum
                0x008003c4        0x4 main.o
 .bss._ZL16linetracker_data
                0x008003c8        0x1 main.o
 .bss._ZL9linestate
                0x008003c9        0x1 main.o
 .bss.movingyback
                0x008003ca        0x1 main.o
                0x008003ca                movingyback
 .bss.movingyfront
                0x008003cb        0x1 main.o
                0x008003cb                movingyfront
 .bss.movingxback
                0x008003cc        0x1 main.o
                0x008003cc                movingxback
 .bss.movingxfront
                0x008003cd        0x1 main.o
                0x008003cd                movingxfront
 .bss.pressRobot
                0x008003ce        0x1 main.o
                0x008003ce                pressRobot
 .bss.initialCompassAngle
                0x008003cf        0x2 main.o
                0x008003cf                initialCompassAngle
 .bss.distanceY
                0x008003d1        0x2 main.o
                0x008003d1                distanceY
 .bss.distanceX
                0x008003d3        0x2 main.o
                0x008003d3                distanceX
 .bss.velocity_robot
                0x008003d5        0x6 main.o
                0x008003d5                velocity_robot
 .bss.velocity_motor
                0x008003db        0x8 main.o
                0x008003db                velocity_motor
 .bss.bufferMotorSpeed
                0x008003e3        0x4 main.o
                0x008003e3                bufferMotorSpeed
 .bss.time_of_limit_switches_pressed
                0x008003e7        0x4 main.o
                0x008003e7                time_of_limit_switches_pressed
 .bss.startTime
                0x008003eb        0x4 main.o
                0x008003eb                startTime
 .bss.normAccel
                0x008003ef        0xc main.o
                0x008003ef                normAccel
 .bss.previousTime
                0x008003fb        0x4 main.o
                0x008003fb                previousTime
 .bss._ZL12filtered_yaw
                0x008003ff        0x4 main.o
 .bss._ZL14filtered_pitch
                0x00800403        0x4 main.o
 .bss._ZL13filtered_roll
                0x00800407        0x4 main.o
 .bss._ZL14unfiltered_yaw
                0x0080040b        0x4 main.o
 .bss._ZL16unfiltered_pitch
                0x0080040f        0x4 main.o
 .bss._ZL15unfiltered_roll
                0x00800413        0x4 main.o
 .bss._ZL3mpu   0x00800417       0x79 main.o
 .bss.timer2_fract
                0x00800490        0x4 main.o
                0x00800490                timer2_fract
 .bss.timer2_millis
                0x00800494        0x4 main.o
                0x00800494                timer2_millis
 .bss.raw_z     0x00800498        0x2 main.o
                0x00800498                raw_z
 .bss.raw_y     0x0080049a        0x2 main.o
                0x0080049a                raw_y
 .bss.raw_x     0x0080049c        0x2 main.o
                0x0080049c                raw_x
 .bss.FlagChangeSetpointCompass
                0x0080049e        0x1 main.o
                0x0080049e                FlagChangeSetpointCompass
 .bss.normalGame
                0x0080049f        0x1 retry.o
                0x0080049f                normalGame
 .bss.alwaysTZ1
                0x008004a0        0x1 retry.o
                0x008004a0                alwaysTZ1
 .bss.alwaysTZ2
                0x008004a1        0x1 retry.o
                0x008004a1                alwaysTZ2
 .bss.LZ2ForTZ3
                0x008004a2        0x1 retry.o
                0x008004a2                LZ2ForTZ3
 .bss.directlyTZ3
                0x008004a3        0x1 retry.o
                0x008004a3                directlyTZ3
 .bss.directlyLZ2
                0x008004a4        0x1 retry.o
                0x008004a4                directlyLZ2
 .bss._ZL17UART3_LastRxError
                0x008004a5        0x1 uart.o
 .bss._ZL12UART3_RxTail
                0x008004a6        0x1 uart.o
 .bss._ZL12UART3_RxHead
                0x008004a7        0x1 uart.o
 .bss._ZL12UART3_TxTail
                0x008004a8        0x1 uart.o
 .bss._ZL12UART3_TxHead
                0x008004a9        0x1 uart.o
 .bss._ZL11UART3_RxBuf
                0x008004aa       0x20 uart.o
 .bss._ZL11UART3_TxBuf
                0x008004ca       0x20 uart.o
 .bss._ZL12UART2_RxTail
                0x008004ea        0x1 uart.o
 .bss._ZL12UART2_RxHead
                0x008004eb        0x1 uart.o
 .bss._ZL12UART2_TxTail
                0x008004ec        0x1 uart.o
 .bss._ZL12UART2_TxHead
                0x008004ed        0x1 uart.o
 .bss._ZL11UART2_TxBuf
                0x008004ee       0x20 uart.o
 .bss._ZL17UART1_LastRxError
                0x0080050e        0x1 uart.o
 .bss._ZL12UART1_RxTail
                0x0080050f        0x1 uart.o
 .bss._ZL12UART1_RxHead
                0x00800510        0x1 uart.o
 .bss._ZL12UART1_TxTail
                0x00800511        0x1 uart.o
 .bss._ZL12UART1_TxHead
                0x00800512        0x1 uart.o
 .bss._ZL11UART1_RxBuf
                0x00800513       0x20 uart.o
 .bss._ZL11UART1_TxBuf
                0x00800533       0x20 uart.o
 .bss._ZL17UART0_LastRxError
                0x00800553        0x1 uart.o
 .bss._ZL12UART0_RxTail
                0x00800554        0x1 uart.o
 .bss._ZL12UART0_RxHead
                0x00800555        0x1 uart.o
 .bss._ZL12UART0_TxTail
                0x00800556        0x1 uart.o
 .bss._ZL12UART0_TxHead
                0x00800557        0x1 uart.o
 .bss._ZL11UART0_RxBuf
                0x00800558       0x20 uart.o
 .bss._ZL11UART0_TxBuf
                0x00800578       0x20 uart.o
 .bss.buffer2   0x00800598        0x1 uart.o
                0x00800598                buffer2
 *(COMMON)
                0x00800599                PROVIDE (__bss_end, .)
                0x000044da                __data_load_start = LOADADDR (.data)
                0x00004578                __data_load_end = (__data_load_start + SIZEOF (.data))

.noinit         0x00800599        0x0
                [!provide]                PROVIDE (__noinit_start, .)
 *(.noinit*)
                [!provide]                PROVIDE (__noinit_end, .)
                0x00800599                _end = .
                [!provide]                PROVIDE (__heap_start, .)

.eeprom         0x00810000        0x0
 *(.eeprom*)
                0x00810000                __eeprom_end = .

.fuse
 *(.fuse)
 *(.lfuse)
 *(.hfuse)
 *(.efuse)

.lock
 *(.lock*)

.signature
 *(.signature*)

.user_signatures
 *(.user_signatures*)

.stab
 *(.stab)

.stabstr
 *(.stabstr)

.stab.excl
 *(.stab.excl)

.stab.exclstr
 *(.stab.exclstr)

.stab.index
 *(.stab.index)

.stab.indexstr
 *(.stab.indexstr)

.comment        0x00000000       0x30
 *(.comment)
 .comment       0x00000000       0x30 encoder.o
                                 0x31 (size before relaxing)
 .comment       0x00000030       0x31 main.o
 .comment       0x00000030       0x31 MPU6050.o
 .comment       0x00000030       0x31 retry.o
 .comment       0x00000030       0x31 TWI.o
 .comment       0x00000030       0x31 uart.o

.note.gnu.avr.deviceinfo
                0x00000000       0x40
 .note.gnu.avr.deviceinfo
                0x00000000       0x40 C:/Program Files (x86)/Atmel/Studio/7.0/Packs/Atmel/ATmega_DFP/1.2.203/gcc/dev/atmega2560/avr6/crtatmega2560.o

.note.gnu.build-id
 *(.note.gnu.build-id)

.debug
 *(.debug)

.line
 *(.line)

.debug_srcinfo
 *(.debug_srcinfo)

.debug_sfnames
 *(.debug_sfnames)

.debug_aranges  0x00000000      0x428
 *(.debug_aranges)
 .debug_aranges
                0x00000000       0x48 encoder.o
 .debug_aranges
                0x00000048      0x170 main.o
 .debug_aranges
                0x000001b8       0x98 MPU6050.o
 .debug_aranges
                0x00000250       0x20 retry.o
 .debug_aranges
                0x00000270       0x60 TWI.o
 .debug_aranges
                0x000002d0      0x158 uart.o

.debug_pubnames
 *(.debug_pubnames)

.debug_info     0x00000000     0x5df2
 *(.debug_info .gnu.linkonce.wi.*)
 .debug_info    0x00000000      0xbbc C:/Program Files (x86)/Atmel/Studio/7.0/Packs/Atmel/ATmega_DFP/1.2.203/gcc/dev/atmega2560/avr6/crtatmega2560.o
 .debug_info    0x00000bbc      0x3b0 encoder.o
 .debug_info    0x00000f6c     0x3091 main.o
 .debug_info    0x00003ffd      0xcad MPU6050.o
 .debug_info    0x00004caa      0x100 retry.o
 .debug_info    0x00004daa      0x22f TWI.o
 .debug_info    0x00004fd9      0xe19 uart.o

.debug_abbrev   0x00000000     0x18ba
 *(.debug_abbrev)
 .debug_abbrev  0x00000000      0xb1a C:/Program Files (x86)/Atmel/Studio/7.0/Packs/Atmel/ATmega_DFP/1.2.203/gcc/dev/atmega2560/avr6/crtatmega2560.o
 .debug_abbrev  0x00000b1a      0x198 encoder.o
 .debug_abbrev  0x00000cb2      0x5d9 main.o
 .debug_abbrev  0x0000128b      0x2a1 MPU6050.o
 .debug_abbrev  0x0000152c       0x56 retry.o
 .debug_abbrev  0x00001582      0x10b TWI.o
 .debug_abbrev  0x0000168d      0x22d uart.o

.debug_line     0x00000000     0x3469
 *(.debug_line .debug_line.* .debug_line_end)
 .debug_line    0x00000000      0x1f9 C:/Program Files (x86)/Atmel/Studio/7.0/Packs/Atmel/ATmega_DFP/1.2.203/gcc/dev/atmega2560/avr6/crtatmega2560.o
 .debug_line    0x000001f9      0x190 encoder.o
 .debug_line    0x00000389     0x1f9e main.o
 .debug_line    0x00002327      0x5f4 MPU6050.o
 .debug_line    0x0000291b       0xa2 retry.o
 .debug_line    0x000029bd      0x279 TWI.o
 .debug_line    0x00002c36      0x833 uart.o

.debug_frame    0x00000000     0x113c
 *(.debug_frame)
 .debug_frame   0x00000000       0xd0 encoder.o
 .debug_frame   0x000000d0      0x814 main.o
 .debug_frame   0x000008e4      0x2f0 MPU6050.o
 .debug_frame   0x00000bd4       0x24 retry.o
 .debug_frame   0x00000bf8       0xe4 TWI.o
 .debug_frame   0x00000cdc      0x460 uart.o

.debug_str      0x00000000     0x231c
 *(.debug_str)
 .debug_str     0x00000000      0x3e6 C:/Program Files (x86)/Atmel/Studio/7.0/Packs/Atmel/ATmega_DFP/1.2.203/gcc/dev/atmega2560/avr6/crtatmega2560.o
 .debug_str     0x000003e6      0x3b8 encoder.o
                                0x403 (size before relaxing)
 .debug_str     0x0000079e     0x157a main.o
                               0x1a22 (size before relaxing)
 .debug_str     0x00001d18       0x83 MPU6050.o
                                0x647 (size before relaxing)
 .debug_str     0x00001d9b       0x1c retry.o
                                0x22f (size before relaxing)
 .debug_str     0x00001db7       0x41 TWI.o
                                0x2d9 (size before relaxing)
 .debug_str     0x00001df8      0x524 uart.o
                                0x7ee (size before relaxing)

.debug_loc      0x00000000     0x422d
 *(.debug_loc)
 .debug_loc     0x00000000      0x1b3 encoder.o
 .debug_loc     0x000001b3     0x2030 main.o
 .debug_loc     0x000021e3      0xe59 MPU6050.o
 .debug_loc     0x0000303c      0x283 TWI.o
 .debug_loc     0x000032bf      0xf6e uart.o

.debug_macinfo
 *(.debug_macinfo)

.debug_weaknames
 *(.debug_weaknames)

.debug_funcnames
 *(.debug_funcnames)

.debug_typenames
 *(.debug_typenames)

.debug_varnames
 *(.debug_varnames)

.debug_pubtypes
 *(.debug_pubtypes)

.debug_ranges   0x00000000      0x440
 *(.debug_ranges)
 .debug_ranges  0x00000000       0x38 encoder.o
 .debug_ranges  0x00000038      0x178 main.o
 .debug_ranges  0x000001b0       0x88 MPU6050.o
 .debug_ranges  0x00000238       0x10 retry.o
 .debug_ranges  0x00000248       0x50 TWI.o
 .debug_ranges  0x00000298      0x1a8 uart.o

.debug_macro
 *(.debug_macro)
OUTPUT(Master.elf elf32-avr)
LOAD linker stubs
